Archive member included to satisfy reference by file (symbol)

../../../../../../../Middlewares/ST/STM32_MotionFX_Library/Lib\MotionFX_CM4F_wc32_ot.a(motion_fx.o)
                              DataLog/User/MotionFX_Manager.o (MotionFX_initialize)
../../../../../../../Middlewares/ST/STM32_MotionFD_Library/Lib\MotionFD_CM4F_wc32_ot.a(motion_fd.o)
                              DataLog/User/main.o (MotionFD_Initialize)
../../../../../../../Middlewares/ST/STM32_MotionPW_Library/Lib\MotionPW_CM4F_wc32_ot.a(motion_pw.o)
                              DataLog/User/main.o (MotionPW_Initialize)
../../../../../../../Middlewares/ST/STM32_MotionAW_Library/Lib\MotionAW_CM4F_wc32_ot.a(motion_aw.o)
                              DataLog/User/main.o (MotionAW_Initialize)
c:/st/stm32cubeide_1.4.0/stm32cubeide/plugins/com.st.stm32cube.ide.mcu.externaltools.gnu-tools-for-stm32.7-2018-q2-update.win32_1.4.0.202007081208/tools/bin/../lib/gcc/arm-none-eabi/7.3.1/../../../../arm-none-eabi/lib/thumb/v7e-m/fpv4-sp/softfp\libc_nano.a(lib_a-errno.o)
                              DataLog/User/syscalls.o (__errno)
c:/st/stm32cubeide_1.4.0/stm32cubeide/plugins/com.st.stm32cube.ide.mcu.externaltools.gnu-tools-for-stm32.7-2018-q2-update.win32_1.4.0.202007081208/tools/bin/../lib/gcc/arm-none-eabi/7.3.1/../../../../arm-none-eabi/lib/thumb/v7e-m/fpv4-sp/softfp\libc_nano.a(lib_a-exit.o)
                              c:/st/stm32cubeide_1.4.0/stm32cubeide/plugins/com.st.stm32cube.ide.mcu.externaltools.gnu-tools-for-stm32.7-2018-q2-update.win32_1.4.0.202007081208/tools/bin/../lib/gcc/arm-none-eabi/7.3.1/../../../../arm-none-eabi/lib/thumb/v7e-m/fpv4-sp/softfp/crt0.o (exit)
c:/st/stm32cubeide_1.4.0/stm32cubeide/plugins/com.st.stm32cube.ide.mcu.externaltools.gnu-tools-for-stm32.7-2018-q2-update.win32_1.4.0.202007081208/tools/bin/../lib/gcc/arm-none-eabi/7.3.1/../../../../arm-none-eabi/lib/thumb/v7e-m/fpv4-sp/softfp\libc_nano.a(lib_a-impure.o)
                              c:/st/stm32cubeide_1.4.0/stm32cubeide/plugins/com.st.stm32cube.ide.mcu.externaltools.gnu-tools-for-stm32.7-2018-q2-update.win32_1.4.0.202007081208/tools/bin/../lib/gcc/arm-none-eabi/7.3.1/../../../../arm-none-eabi/lib/thumb/v7e-m/fpv4-sp/softfp\libc_nano.a(lib_a-exit.o) (_global_impure_ptr)
c:/st/stm32cubeide_1.4.0/stm32cubeide/plugins/com.st.stm32cube.ide.mcu.externaltools.gnu-tools-for-stm32.7-2018-q2-update.win32_1.4.0.202007081208/tools/bin/../lib/gcc/arm-none-eabi/7.3.1/../../../../arm-none-eabi/lib/thumb/v7e-m/fpv4-sp/softfp\libc_nano.a(lib_a-init.o)
                              c:/st/stm32cubeide_1.4.0/stm32cubeide/plugins/com.st.stm32cube.ide.mcu.externaltools.gnu-tools-for-stm32.7-2018-q2-update.win32_1.4.0.202007081208/tools/bin/../lib/gcc/arm-none-eabi/7.3.1/../../../../arm-none-eabi/lib/thumb/v7e-m/fpv4-sp/softfp/crt0.o (__libc_init_array)
c:/st/stm32cubeide_1.4.0/stm32cubeide/plugins/com.st.stm32cube.ide.mcu.externaltools.gnu-tools-for-stm32.7-2018-q2-update.win32_1.4.0.202007081208/tools/bin/../lib/gcc/arm-none-eabi/7.3.1/../../../../arm-none-eabi/lib/thumb/v7e-m/fpv4-sp/softfp\libc_nano.a(lib_a-malloc.o)
                              Middlewares/FatFs/syscall.o (malloc)
c:/st/stm32cubeide_1.4.0/stm32cubeide/plugins/com.st.stm32cube.ide.mcu.externaltools.gnu-tools-for-stm32.7-2018-q2-update.win32_1.4.0.202007081208/tools/bin/../lib/gcc/arm-none-eabi/7.3.1/../../../../arm-none-eabi/lib/thumb/v7e-m/fpv4-sp/softfp\libc_nano.a(lib_a-memcpy-stub.o)
                              DataLog/User/sensor_service.o (memcpy)
c:/st/stm32cubeide_1.4.0/stm32cubeide/plugins/com.st.stm32cube.ide.mcu.externaltools.gnu-tools-for-stm32.7-2018-q2-update.win32_1.4.0.202007081208/tools/bin/../lib/gcc/arm-none-eabi/7.3.1/../../../../arm-none-eabi/lib/thumb/v7e-m/fpv4-sp/softfp\libc_nano.a(lib_a-memmove.o)
                              ../../../../../../../Middlewares/ST/STM32_MotionPW_Library/Lib\MotionPW_CM4F_wc32_ot.a(motion_pw.o) (memmove)
c:/st/stm32cubeide_1.4.0/stm32cubeide/plugins/com.st.stm32cube.ide.mcu.externaltools.gnu-tools-for-stm32.7-2018-q2-update.win32_1.4.0.202007081208/tools/bin/../lib/gcc/arm-none-eabi/7.3.1/../../../../arm-none-eabi/lib/thumb/v7e-m/fpv4-sp/softfp\libc_nano.a(lib_a-memset.o)
                              c:/st/stm32cubeide_1.4.0/stm32cubeide/plugins/com.st.stm32cube.ide.mcu.externaltools.gnu-tools-for-stm32.7-2018-q2-update.win32_1.4.0.202007081208/tools/bin/../lib/gcc/arm-none-eabi/7.3.1/../../../../arm-none-eabi/lib/thumb/v7e-m/fpv4-sp/softfp/crt0.o (memset)
c:/st/stm32cubeide_1.4.0/stm32cubeide/plugins/com.st.stm32cube.ide.mcu.externaltools.gnu-tools-for-stm32.7-2018-q2-update.win32_1.4.0.202007081208/tools/bin/../lib/gcc/arm-none-eabi/7.3.1/../../../../arm-none-eabi/lib/thumb/v7e-m/fpv4-sp/softfp\libc_nano.a(lib_a-nano-freer.o)
[...]
Memory Configuration

Name             Origin             Length             Attributes
FLASH            0x0000000008004000 0x0000000000040000 xr
RAM              0x0000000020000000 0x0000000000018000 xrw
SRAM2            0x0000000010000000 0x0000000000008000 xrw
*default*        0x0000000000000000 0xffffffffffffffff

Linker script and memory map

LOAD c:/st/stm32cubeide_1.4.0/stm32cubeide/plugins/com.st.stm32cube.ide.mcu.externaltools.gnu-tools-for-stm32.7-2018-q2-update.win32_1.4.0.202007081208/tools/bin/../lib/gcc/arm-none-eabi/7.3.1/thumb/v7e-m/fpv4-sp/softfp/crti.o
LOAD c:/st/stm32cubeide_1.4.0/stm32cubeide/plugins/com.st.stm32cube.ide.mcu.externaltools.gnu-tools-for-stm32.7-2018-q2-update.win32_1.4.0.202007081208/tools/bin/../lib/gcc/arm-none-eabi/7.3.1/thumb/v7e-m/fpv4-sp/softfp/crtbegin.o
LOAD c:/st/stm32cubeide_1.4.0/stm32cubeide/plugins/com.st.stm32cube.ide.mcu.externaltools.gnu-tools-for-stm32.7-2018-q2-update.win32_1.4.0.202007081208/tools/bin/../lib/gcc/arm-none-eabi/7.3.1/../../../../arm-none-eabi/lib/thumb/v7e-m/fpv4-sp/softfp/crt0.o
LOAD DataLog/SW4STM32/startup_stm32l476xx.o
LOAD DataLog/User/MotionFX_Manager.o
LOAD DataLog/User/cube_hal_l4.o
LOAD DataLog/User/datalog_application.o
LOAD DataLog/User/fifo_config_sensortile.o
LOAD DataLog/User/hci_tl_interface.o
LOAD DataLog/User/main.o
LOAD DataLog/User/sensor_service.o
LOAD DataLog/User/stm32l4xx_hal_msp.o
LOAD DataLog/User/stm32l4xx_it.o
LOAD DataLog/User/syscalls.o
LOAD DataLog/User/usbd_cdc_interface.o
LOAD DataLog/User/usbd_conf.o
LOAD DataLog/User/usbd_desc.o
LOAD Drivers/BSP/Components/HTS221_Driver.o
LOAD Drivers/BSP/Components/HTS221_Driver_HL.o
LOAD Drivers/BSP/Components/LPS22HB_Driver.o
LOAD Drivers/BSP/Components/LPS22HB_Driver_HL.o
LOAD Drivers/BSP/Components/LSM303AGR_ACC_driver.o
LOAD Drivers/BSP/Components/LSM303AGR_ACC_driver_HL.o
LOAD Drivers/BSP/Components/LSM303AGR_MAG_driver.o
LOAD Drivers/BSP/Components/LSM303AGR_MAG_driver_HL.o
LOAD Drivers/BSP/Components/LSM6DSM_ACC_GYRO_driver.o
LOAD Drivers/BSP/Components/LSM6DSM_ACC_GYRO_driver_HL.o
LOAD Drivers/BSP/Components/STC3115_Driver.o
LOAD Drivers/BSP/Components/lsm303agr.o
LOAD Drivers/BSP/Components/lsm303agr_reg.o
LOAD Drivers/BSP/Components/lsm6dsm.o
LOAD Drivers/BSP/Components/lsm6dsm_reg.o
LOAD Drivers/BSP/SensorTile/SensorTile.o
LOAD Drivers/BSP/SensorTile/SensorTile_accelero.o
LOAD Drivers/BSP/SensorTile/SensorTile_gg.o
LOAD Drivers/BSP/SensorTile/SensorTile_gyro.o
LOAD Drivers/BSP/SensorTile/SensorTile_humidity.o
LOAD Drivers/BSP/SensorTile/SensorTile_magneto.o
LOAD Drivers/BSP/SensorTile/SensorTile_pressure.o
LOAD Drivers/BSP/SensorTile/SensorTile_sd.o
LOAD Drivers/BSP/SensorTile/SensorTile_temperature.o
LOAD Drivers/BSP/Sensortile2/SensorTile2.o
LOAD Drivers/BSP/Sensortile2/SensorTile_bus.o
LOAD Drivers/BSP/Sensortile2/SensorTile_motion_sensors.o
LOAD Drivers/BSP/Sensortile2/SensorTile_motion_sensors_ex.o
LOAD Drivers/CMSIS/system_stm32l4xx.o
LOAD Drivers/STM32L4xx_HAL_Driver/stm32l4xx_hal.o
LOAD Drivers/STM32L4xx_HAL_Driver/stm32l4xx_hal_cortex.o
LOAD Drivers/STM32L4xx_HAL_Driver/stm32l4xx_hal_crc.o
LOAD Drivers/STM32L4xx_HAL_Driver/stm32l4xx_hal_crc_ex.o
LOAD Drivers/STM32L4xx_HAL_Driver/stm32l4xx_hal_dma.o
LOAD Drivers/STM32L4xx_HAL_Driver/stm32l4xx_hal_exti.o
LOAD Drivers/STM32L4xx_HAL_Driver/stm32l4xx_hal_gpio.o
LOAD Drivers/STM32L4xx_HAL_Driver/stm32l4xx_hal_i2c.o
LOAD Drivers/STM32L4xx_HAL_Driver/stm32l4xx_hal_i2c_ex.o
LOAD Drivers/STM32L4xx_HAL_Driver/stm32l4xx_hal_pcd.o
LOAD Drivers/STM32L4xx_HAL_Driver/stm32l4xx_hal_pcd_ex.o
LOAD Drivers/STM32L4xx_HAL_Driver/stm32l4xx_hal_pwr.o
LOAD Drivers/STM32L4xx_HAL_Driver/stm32l4xx_hal_pwr_ex.o
LOAD Drivers/STM32L4xx_HAL_Driver/stm32l4xx_hal_rcc.o
LOAD Drivers/STM32L4xx_HAL_Driver/stm32l4xx_hal_rcc_ex.o
LOAD Drivers/STM32L4xx_HAL_Driver/stm32l4xx_hal_rtc.o
LOAD Drivers/STM32L4xx_HAL_Driver/stm32l4xx_hal_rtc_ex.o
LOAD Drivers/STM32L4xx_HAL_Driver/stm32l4xx_hal_spi.o
LOAD Drivers/STM32L4xx_HAL_Driver/stm32l4xx_hal_spi_ex.o
LOAD Drivers/STM32L4xx_HAL_Driver/stm32l4xx_hal_tim.o
LOAD Drivers/STM32L4xx_HAL_Driver/stm32l4xx_hal_tim_ex.o
LOAD Drivers/STM32L4xx_HAL_Driver/stm32l4xx_ll_usb.o
LOAD Middlewares/BlueNRG-MS/hci/controller/bluenrg_gap_aci.o
LOAD Middlewares/BlueNRG-MS/hci/controller/bluenrg_gatt_aci.o
LOAD Middlewares/BlueNRG-MS/hci/controller/bluenrg_hal_aci.o
LOAD Middlewares/BlueNRG-MS/hci/controller/bluenrg_l2cap_aci.o
LOAD Middlewares/BlueNRG-MS/hci/controller/bluenrg_updater_aci.o
LOAD Middlewares/BlueNRG-MS/hci/controller/bluenrg_utils_small.o
LOAD Middlewares/BlueNRG-MS/hci/hci_tl_patterns/Basic/hci_tl.o
LOAD Middlewares/BlueNRG-MS/hci_le.o
LOAD Middlewares/BlueNRG-MS/utils/ble_list.o
LOAD Middlewares/FatFs/diskio.o
LOAD Middlewares/FatFs/ff.o
LOAD Middlewares/FatFs/ff_gen_drv.o
LOAD Middlewares/FatFs/sd_diskio.o
LOAD Middlewares/FatFs/syscall.o
LOAD Middlewares/FatFs/unicode.o
LOAD Middlewares/STM32_MetaDataManager/MetaDataManager.o
LOAD Middlewares/STM32_USBD_Library/Class/usbd_cdc.o
LOAD Middlewares/STM32_USBD_Library/Core/usbd_core.o
LOAD Middlewares/STM32_USBD_Library/Core/usbd_ctlreq.o
LOAD Middlewares/STM32_USBD_Library/Core/usbd_ioreq.o
LOAD ../../../../../../../Middlewares/ST/STM32_MotionFX_Library/Lib\MotionFX_CM4F_wc32_ot.a
LOAD ../../../../../../../Middlewares/ST/STM32_MotionFD_Library/Lib\MotionFD_CM4F_wc32_ot.a
LOAD ../../../../../../../Middlewares/ST/STM32_MotionPW_Library/Lib\MotionPW_CM4F_wc32_ot.a
LOAD ../../../../../../../Middlewares/ST/STM32_MotionAW_Library/Lib\MotionAW_CM4F_wc32_ot.a
START GROUP
LOAD c:/st/stm32cubeide_1.4.0/stm32cubeide/plugins/com.st.stm32cube.ide.mcu.externaltools.gnu-tools-for-stm32.7-2018-q2-update.win32_1.4.0.202007081208/tools/bin/../lib/gcc/arm-none-eabi/7.3.1/../../../../arm-none-eabi/lib/thumb/v7e-m/fpv4-sp/softfp\libc_nano.a
LOAD c:/st/stm32cubeide_1.4.0/stm32cubeide/plugins/com.st.stm32cube.ide.mcu.externaltools.gnu-tools-for-stm32.7-2018-q2-update.win32_1.4.0.202007081208/tools/bin/../lib/gcc/arm-none-eabi/7.3.1/../../../../arm-none-eabi/lib/thumb/v7e-m/fpv4-sp/softfp\libm.a
END GROUP
START GROUP
LOAD c:/st/stm32cubeide_1.4.0/stm32cubeide/plugins/com.st.stm32cube.ide.mcu.externaltools.gnu-tools-for-stm32.7-2018-q2-update.win32_1.4.0.202007081208/tools/bin/../lib/gcc/arm-none-eabi/7.3.1/thumb/v7e-m/fpv4-sp/softfp\libgcc.a
LOAD c:/st/stm32cubeide_1.4.0/stm32cubeide/plugins/com.st.stm32cube.ide.mcu.externaltools.gnu-tools-for-stm32.7-2018-q2-update.win32_1.4.0.202007081208/tools/bin/../lib/gcc/arm-none-eabi/7.3.1/../../../../arm-none-eabi/lib/thumb/v7e-m/fpv4-sp/softfp\libc_nano.a
END GROUP
START GROUP
LOAD c:/st/stm32cubeide_1.4.0/stm32cubeide/plugins/com.st.stm32cube.ide.mcu.externaltools.gnu-tools-for-stm32.7-2018-q2-update.win32_1.4.0.202007081208/tools/bin/../lib/gcc/arm-none-eabi/7.3.1/thumb/v7e-m/fpv4-sp/softfp\libgcc.a
LOAD c:/st/stm32cubeide_1.4.0/stm32cubeide/plugins/com.st.stm32cube.ide.mcu.externaltools.gnu-tools-for-stm32.7-2018-q2-update.win32_1.4.0.202007081208/tools/bin/../lib/gcc/arm-none-eabi/7.3.1/../../../../arm-none-eabi/lib/thumb/v7e-m/fpv4-sp/softfp\libc_nano.a
END GROUP
LOAD c:/st/stm32cubeide_1.4.0/stm32cubeide/plugins/com.st.stm32cube.ide.mcu.externaltools.gnu-tools-for-stm32.7-2018-q2-update.win32_1.4.0.202007081208/tools/bin/../lib/gcc/arm-none-eabi/7.3.1/thumb/v7e-m/fpv4-sp/softfp/crtend.o
LOAD c:/st/stm32cubeide_1.4.0/stm32cubeide/plugins/com.st.stm32cube.ide.mcu.externaltools.gnu-tools-for-stm32.7-2018-q2-update.win32_1.4.0.202007081208/tools/bin/../lib/gcc/arm-none-eabi/7.3.1/thumb/v7e-m/fpv4-sp/softfp/crtn.o
                0x0000000020017fff                _estack = 0x20017fff
                0x0000000000002000                _Min_Heap_Size = 0x2000
                0x0000000000002000                _Min_Stack_Size = 0x2000

.isr_vector     0x0000000008004000      0x188
                0x0000000008004000                . = ALIGN (0x8)
 *(.isr_vector)
 .isr_vector    0x0000000008004000      0x188 DataLog/SW4STM32/startup_stm32l476xx.o
                0x0000000008004000                g_pfnVectors
                0x0000000008004188                . = ALIGN (0x8)

.text           0x0000000008004190    0x1fe48
                0x0000000008004190                . = ALIGN (0x8)
 *(.text)
 .text          0x0000000008004190       0x40 c:/st/stm32cubeide_1.4.0/stm32cubeide/plugins/com.st.stm32cube.ide.mcu.externaltools.gnu-tools-for-stm32.7-2018-q2-update.win32_1.4.0.202007081208/tools/bin/../lib/gcc/arm-none-eabi/7.3.1/thumb/v7e-m/fpv4-sp/softfp/crtbegin.o
 .text          0x00000000080041d0       0x10 c:/st/stm32cubeide_1.4.0/stm32cubeide/plugins/com.st.stm32cube.ide.mcu.externaltools.gnu-tools-for-stm32.7-2018-q2-update.win32_1.4.0.202007081208/tools/bin/../lib/gcc/arm-none-eabi/7.3.1/../../../../arm-none-eabi/lib/thumb/v7e-m/fpv4-sp/softfp\libc_nano.a(lib_a-strlen.o)
                0x00000000080041d0                strlen
 .text          0x00000000080041e0       0xa0 c:/st/stm32cubeide_1.4.0/stm32cubeide/plugins/com.st.stm32cube.ide.mcu.externaltools.gnu-tools-for-stm32.7-2018-q2-update.win32_1.4.0.202007081208/tools/bin/../lib/gcc/arm-none-eabi/7.3.1/../../../../arm-none-eabi/lib/thumb/v7e-m/fpv4-sp/softfp\libc_nano.a(lib_a-memchr.o)
                0x00000000080041e0                memchr
 .text          0x0000000008004280      0x378 c:/st/stm32cubeide_1.4.0/stm32cubeide/plugins/com.st.stm32cube.ide.mcu.externaltools.gnu-tools-for-stm32.7-2018-q2-update.win32_1.4.0.202007081208/tools/bin/../lib/gcc/arm-none-eabi/7.3.1/thumb/v7e-m/fpv4-sp/softfp\libgcc.a(_arm_addsubdf3.o)
                0x0000000008004280                __aeabi_drsub
                0x0000000008004288                __aeabi_dsub
                0x0000000008004288                __subdf3
                0x000000000800428c                __aeabi_dadd
                0x000000000800428c                __adddf3
                0x0000000008004504                __floatunsidf
                0x0000000008004504                __aeabi_ui2d
                0x0000000008004524                __floatsidf
                0x0000000008004524                __aeabi_i2d
                0x0000000008004548                __aeabi_f2d
                0x0000000008004548                __extendsfdf2
                0x000000000800458c                __floatundidf
                0x000000000800458c                __aeabi_ul2d
                0x000000000800459c                __floatdidf
                0x000000000800459c                __aeabi_l2d
 .text          0x00000000080045f8      0x424 c:/st/stm32cubeide_1.4.0/stm32cubeide/plugins/com.st.stm32cube.ide.mcu.externaltools.gnu-tools-for-stm32.7-2018-q2-update.win32_1.4.0.202007081208/tools/bin/../lib/gcc/arm-none-eabi/7.3.1/thumb/v7e-m/fpv4-sp/softfp\libgcc.a(_arm_muldivdf3.o)
                0x00000000080045f8                __aeabi_dmul
                0x00000000080045f8                __muldf3
                0x000000000800484c                __divdf3
                0x000000000800484c                __aeabi_ddiv
 .text          0x0000000008004a1c      0x110 c:/st/stm32cubeide_1.4.0/stm32cubeide/plugins/com.st.stm32cube.ide.mcu.externaltools.gnu-tools-for-stm32.7-2018-q2-update.win32_1.4.0.202007081208/tools/bin/../lib/gcc/arm-none-eabi/7.3.1/thumb/v7e-m/fpv4-sp/softfp\libgcc.a(_arm_cmpdf2.o)
                0x0000000008004a1c                __gtdf2
                0x0000000008004a1c                __gedf2
                0x0000000008004a24                __ltdf2
                0x0000000008004a24                __ledf2
                0x0000000008004a2c                __nedf2
                0x0000000008004a2c                __eqdf2
                0x0000000008004a2c                __cmpdf2
                0x0000000008004aa8                __aeabi_cdrcmple
                0x0000000008004ab8                __aeabi_cdcmpeq
                0x0000000008004ab8                __aeabi_cdcmple
                0x0000000008004ac8                __aeabi_dcmpeq
                0x0000000008004adc                __aeabi_dcmplt
                0x0000000008004af0                __aeabi_dcmple
                0x0000000008004b04                __aeabi_dcmpge
                0x0000000008004b18                __aeabi_dcmpgt
 .text          0x0000000008004b2c       0x2c c:/st/stm32cubeide_1.4.0/stm32cubeide/plugins/com.st.stm32cube.ide.mcu.externaltools.gnu-tools-for-stm32.7-2018-q2-update.win32_1.4.0.202007081208/tools/bin/../lib/gcc/arm-none-eabi/7.3.1/thumb/v7e-m/fpv4-sp/softfp\libgcc.a(_arm_unorddf2.o)
                0x0000000008004b2c                __unorddf2
                0x0000000008004b2c                __aeabi_dcmpun
 .text          0x0000000008004b58       0x50 c:/st/stm32cubeide_1.4.0/stm32cubeide/plugins/com.st.stm32cube.ide.mcu.externaltools.gnu-tools-for-stm32.7-2018-q2-update.win32_1.4.0.202007081208/tools/bin/../lib/gcc/arm-none-eabi/7.3.1/thumb/v7e-m/fpv4-sp/softfp\libgcc.a(_arm_fixdfsi.o)
                0x0000000008004b58                __aeabi_d2iz
                0x0000000008004b58                __fixdfsi
 .text          0x0000000008004ba8       0x40 c:/st/stm32cubeide_1.4.0/stm32cubeide/plugins/com.st.stm32cube.ide.mcu.externaltools.gnu-tools-for-stm32.7-2018-q2-update.win32_1.4.0.202007081208/tools/bin/../lib/gcc/arm-none-eabi/7.3.1/thumb/v7e-m/fpv4-sp/softfp\libgcc.a(_arm_fixunsdfsi.o)
                0x0000000008004ba8                __aeabi_d2uiz
                0x0000000008004ba8                __fixunsdfsi
 .text          0x0000000008004be8       0xa0 c:/st/stm32cubeide_1.4.0/stm32cubeide/plugins/com.st.stm32cube.ide.mcu.externaltools.gnu-tools-for-stm32.7-2018-q2-update.win32_1.4.0.202007081208/tools/bin/../lib/gcc/arm-none-eabi/7.3.1/thumb/v7e-m/fpv4-sp/softfp\libgcc.a(_arm_truncdfsf2.o)
                0x0000000008004be8                __truncdfsf2
                0x0000000008004be8                __aeabi_d2f
 .text          0x0000000008004c88      0x21c c:/st/stm32cubeide_1.4.0/stm32cubeide/plugins/com.st.stm32cube.ide.mcu.externaltools.gnu-tools-for-stm32.7-2018-q2-update.win32_1.4.0.202007081208/tools/bin/../lib/gcc/arm-none-eabi/7.3.1/thumb/v7e-m/fpv4-sp/softfp\libgcc.a(_arm_addsubsf3.o)
                0x0000000008004c88                __aeabi_frsub
                0x0000000008004c90                __subsf3
                0x0000000008004c90                __aeabi_fsub
                0x0000000008004c94                __aeabi_fadd
                0x0000000008004c94                __addsf3
                0x0000000008004df4                __aeabi_ui2f
                0x0000000008004df4                __floatunsisf
                0x0000000008004dfc                __aeabi_i2f
                0x0000000008004dfc                __floatsisf
                0x0000000008004e18                __aeabi_ul2f
                0x0000000008004e18                __floatundisf
                0x0000000008004e28                __aeabi_l2f
                0x0000000008004e28                __floatdisf
 .text          0x0000000008004ea4       0xa0 c:/st/stm32cubeide_1.4.0/stm32cubeide/plugins/com.st.stm32cube.ide.mcu.externaltools.gnu-tools-for-stm32.7-2018-q2-update.win32_1.4.0.202007081208/tools/bin/../lib/gcc/arm-none-eabi/7.3.1/thumb/v7e-m/fpv4-sp/softfp\libgcc.a(_aeabi_ldivmod.o)
                0x0000000008004ea4                __aeabi_ldivmod
 .text          0x0000000008004f44       0x24 c:/st/stm32cubeide_1.4.0/stm32cubeide/plugins/com.st.stm32cube.ide.mcu.externaltools.gnu-tools-for-stm32.7-2018-q2-update.win32_1.4.0.202007081208/tools/bin/../lib/gcc/arm-none-eabi/7.3.1/thumb/v7e-m/fpv4-sp/softfp\libgcc.a(_fixsfdi.o)
                0x0000000008004f44                __fixsfdi
                0x0000000008004f44                __aeabi_f2lz
 .text          0x0000000008004f68       0x48 c:/st/stm32cubeide_1.4.0/stm32cubeide/plugins/com.st.stm32cube.ide.mcu.externaltools.gnu-tools-for-stm32.7-2018-q2-update.win32_1.4.0.202007081208/tools/bin/../lib/gcc/arm-none-eabi/7.3.1/thumb/v7e-m/fpv4-sp/softfp\libgcc.a(_fixunssfdi.o)
                0x0000000008004f68                __fixunssfdi
                0x0000000008004f68                __aeabi_f2ulz
 .text          0x0000000008004fb0      0x2cc c:/st/stm32cubeide_1.4.0/stm32cubeide/plugins/com.st.stm32cube.ide.mcu.externaltools.gnu-tools-for-stm32.7-2018-q2-update.win32_1.4.0.202007081208/tools/bin/../lib/gcc/arm-none-eabi/7.3.1/thumb/v7e-m/fpv4-sp/softfp\libgcc.a(_udivmoddi4.o)
                0x0000000008004fb0                __udivmoddi4
 .text          0x000000000800527c        0x4 c:/st/stm32cubeide_1.4.0/stm32cubeide/plugins/com.st.stm32cube.ide.mcu.externaltools.gnu-tools-for-stm32.7-2018-q2-update.win32_1.4.0.202007081208/tools/bin/../lib/gcc/arm-none-eabi/7.3.1/thumb/v7e-m/fpv4-sp/softfp\libgcc.a(_dvmd_tls.o)
                0x000000000800527c                __aeabi_idiv0
                0x000000000800527c                __aeabi_ldiv0
 *(.text*)
 .text.Reset_Handler
                0x0000000008005280       0x50 DataLog/SW4STM32/startup_stm32l476xx.o
                0x0000000008005280                Reset_Handler
 .text.Default_Handler
                0x00000000080052d0        0x2 DataLog/SW4STM32/startup_stm32l476xx.o
                0x00000000080052d0                RTC_Alarm_IRQHandler
                0x00000000080052d0                TIM8_TRG_COM_IRQHandler
                0x00000000080052d0                TIM8_CC_IRQHandler
                0x00000000080052d0                TIM1_CC_IRQHandler
                0x00000000080052d0                TSC_IRQHandler
                0x00000000080052d0                TAMP_STAMP_IRQHandler
                0x00000000080052d0                PendSV_Handler
                0x00000000080052d0                EXTI3_IRQHandler
                0x00000000080052d0                LPTIM2_IRQHandler
                0x00000000080052d0                DFSDM1_FLT1_IRQHandler
                0x00000000080052d0                I2C3_ER_IRQHandler
                0x00000000080052d0                DFSDM1_FLT2_IRQHandler
                0x00000000080052d0                EXTI0_IRQHandler
                0x00000000080052d0                I2C2_EV_IRQHandler
                0x00000000080052d0                CAN1_RX0_IRQHandler
                0x00000000080052d0                FPU_IRQHandler
                0x00000000080052d0                TIM1_UP_TIM16_IRQHandler
                0x00000000080052d0                UsageFault_Handler
                0x00000000080052d0                ADC1_2_IRQHandler
                0x00000000080052d0                SPI1_IRQHandler
                0x00000000080052d0                TIM6_DAC_IRQHandler
                0x00000000080052d0                TIM8_UP_IRQHandler
                0x00000000080052d0                DMA2_Channel2_IRQHandler
                0x00000000080052d0                DMA1_Channel4_IRQHandler
                0x00000000080052d0                SAI2_IRQHandler
                0x00000000080052d0                DFSDM1_FLT3_IRQHandler
                0x00000000080052d0                USART3_IRQHandler
                0x00000000080052d0                DMA1_Channel7_IRQHandler
                0x00000000080052d0                CAN1_RX1_IRQHandler
                0x00000000080052d0                LCD_IRQHandler
                0x00000000080052d0                UART5_IRQHandler
                0x00000000080052d0                ADC3_IRQHandler
                0x00000000080052d0                DMA2_Channel1_IRQHandler
                0x00000000080052d0                QUADSPI_IRQHandler
                0x00000000080052d0                I2C1_EV_IRQHandler
                0x00000000080052d0                DMA1_Channel6_IRQHandler
                0x00000000080052d0                UART4_IRQHandler
                0x00000000080052d0                DMA2_Channel4_IRQHandler
                0x00000000080052d0                RCC_IRQHandler
                0x00000000080052d0                DMA1_Channel1_IRQHandler
                0x00000000080052d0                Default_Handler
                0x00000000080052d0                DMA2_Channel7_IRQHandler
                0x00000000080052d0                EXTI15_10_IRQHandler
                0x00000000080052d0                TIM7_IRQHandler
                0x00000000080052d0                SDMMC1_IRQHandler
                0x00000000080052d0                TIM5_IRQHandler
                0x00000000080052d0                I2C3_EV_IRQHandler
                0x00000000080052d0                RTC_WKUP_IRQHandler
                0x00000000080052d0                PVD_PVM_IRQHandler
                0x00000000080052d0                SPI2_IRQHandler
                0x00000000080052d0                MemManage_Handler
                0x00000000080052d0                CAN1_TX_IRQHandler
                0x00000000080052d0                SVC_Handler
                0x00000000080052d0                DMA2_Channel5_IRQHandler
                0x00000000080052d0                DMA1_Channel5_IRQHandler
                0x00000000080052d0                EXTI4_IRQHandler
                0x00000000080052d0                RNG_IRQHandler
                0x00000000080052d0                TIM1_TRG_COM_TIM17_IRQHandler
                0x00000000080052d0                DMA1_Channel3_IRQHandler
                0x00000000080052d0                COMP_IRQHandler
                0x00000000080052d0                WWDG_IRQHandler
                0x00000000080052d0                LPUART1_IRQHandler
                0x00000000080052d0                DMA2_Channel6_IRQHandler
                0x00000000080052d0                TIM2_IRQHandler
                0x00000000080052d0                EXTI1_IRQHandler
                0x00000000080052d0                USART2_IRQHandler
                0x00000000080052d0                DFSDM1_FLT0_IRQHandler
                0x00000000080052d0                I2C2_ER_IRQHandler
                0x00000000080052d0                DMA1_Channel2_IRQHandler
                0x00000000080052d0                TIM8_BRK_IRQHandler
                0x00000000080052d0                CAN1_SCE_IRQHandler
                0x00000000080052d0                FLASH_IRQHandler
                0x00000000080052d0                BusFault_Handler
                0x00000000080052d0                USART1_IRQHandler
                0x00000000080052d0                SPI3_IRQHandler
                0x00000000080052d0                I2C1_ER_IRQHandler
                0x00000000080052d0                FMC_IRQHandler
                0x00000000080052d0                SWPMI1_IRQHandler
                0x00000000080052d0                LPTIM1_IRQHandler
                0x00000000080052d0                SAI1_IRQHandler
                0x00000000080052d0                DMA2_Channel3_IRQHandler
                0x00000000080052d0                TIM1_BRK_TIM15_IRQHandler
 *fill*         0x00000000080052d2        0x2 
 .text.SystemClock_Config
                0x00000000080052d4      0x144 DataLog/User/cube_hal_l4.o
                0x00000000080052d4                SystemClock_Config
 .text.Error_Handler
                0x0000000008005418        0x6 DataLog/User/cube_hal_l4.o
 *fill*         0x000000000800541e        0x2 
 .text.RTC_Handler
                0x0000000008005420       0x40 DataLog/User/datalog_application.o
                0x0000000008005420                RTC_Handler
 .text.Accelero_Sensor_Handler
                0x0000000008005460       0x58 DataLog/User/datalog_application.o
                0x0000000008005460                Accelero_Sensor_Handler
 .text.Gyro_Sensor_Handler
                0x00000000080054b8       0x34 DataLog/User/datalog_application.o
                0x00000000080054b8                Gyro_Sensor_Handler
 .text.Magneto_Sensor_Handler
                0x00000000080054ec       0x4c DataLog/User/datalog_application.o
                0x00000000080054ec                Magneto_Sensor_Handler
 .text.HCI_TL_SPI_Init
                0x0000000008005538       0xdc DataLog/User/hci_tl_interface.o
                0x0000000008005538                HCI_TL_SPI_Init
 .text.HCI_TL_SPI_DeInit
                0x0000000008005614       0x30 DataLog/User/hci_tl_interface.o
                0x0000000008005614                HCI_TL_SPI_DeInit
 .text.HCI_TL_SPI_Reset
                0x0000000008005644       0x30 DataLog/User/hci_tl_interface.o
                0x0000000008005644                HCI_TL_SPI_Reset
 .text.HCI_TL_SPI_Receive
                0x0000000008005674       0xb4 DataLog/User/hci_tl_interface.o
                0x0000000008005674                HCI_TL_SPI_Receive
 .text.HCI_TL_SPI_Send
                0x0000000008005728       0xa8 DataLog/User/hci_tl_interface.o
                0x0000000008005728                HCI_TL_SPI_Send
 .text.IsDataAvailable
                0x00000000080057d0       0x20 DataLog/User/hci_tl_interface.o
 .text.hci_tl_lowlevel_init
                0x00000000080057f0       0x74 DataLog/User/hci_tl_interface.o
                0x00000000080057f0                hci_tl_lowlevel_init
 .text.hci_tl_lowlevel_isr
                0x0000000008005864       0x2c DataLog/User/hci_tl_interface.o
                0x0000000008005864                hci_tl_lowlevel_isr
 .text.main     0x0000000008005890      0x504 DataLog/User/main.o
                0x0000000008005890                main
 .text.initializeAllSensors
                0x0000000008005d94       0xd8 DataLog/User/main.o
 .text.enableAllSensors
                0x0000000008005e6c       0x98 DataLog/User/main.o
                0x0000000008005e6c                enableAllSensors
 .text.disableUnnecessarySensors
                0x0000000008005f04       0x34 DataLog/User/main.o
 .text.configSensors
                0x0000000008005f38       0xb8 DataLog/User/main.o
 .text.getSensorSensivity
                0x0000000008005ff0       0x64 DataLog/User/main.o
                0x0000000008005ff0                getSensorSensivity
 .text.RTC_Config
                0x0000000008006054       0x4c DataLog/User/main.o
 .text.RTC_TimeStampConfig
                0x00000000080060a0       0x74 DataLog/User/main.o
 .text.MX_CRC_Init
                0x0000000008006114       0x30 DataLog/User/main.o
 .text.HAL_GPIO_EXTI_Callback
                0x0000000008006144       0x20 DataLog/User/main.o
                0x0000000008006144                HAL_GPIO_EXTI_Callback
 .text.Init_BlueNRG_Stack
                0x0000000008006164      0x12c DataLog/User/main.o
 .text.Init_BlueNRG_Custom_Services
                0x0000000008006290       0x16 DataLog/User/main.o
 .text.Error_Handler
                0x00000000080062a6        0x6 DataLog/User/main.o
 .text.Add_HW_SW_ServW2ST_Service
                0x00000000080062ac       0xe4 DataLog/User/sensor_service.o
                0x00000000080062ac                Add_HW_SW_ServW2ST_Service
 .text.Environmental_Update
                0x0000000008006390       0xa0 DataLog/User/sensor_service.o
                0x0000000008006390                Environmental_Update
 .text.setConnectable
                0x0000000008006430       0x78 DataLog/User/sensor_service.o
                0x0000000008006430                setConnectable
 .text.GAP_ConnectionComplete_CB
                0x00000000080064a8       0x38 DataLog/User/sensor_service.o
 .text.GAP_DisconnectionComplete_CB
                0x00000000080064e0       0x2c DataLog/User/sensor_service.o
 .text.Read_Request_CB
                0x000000000800650c       0x4c DataLog/User/sensor_service.o
                0x000000000800650c                Read_Request_CB
 .text.Attribute_Modified_CB
                0x0000000008006558       0x1c DataLog/User/sensor_service.o
                0x0000000008006558                Attribute_Modified_CB
 .text.HCI_Event_CB
                0x0000000008006574       0xb8 DataLog/User/sensor_service.o
                0x0000000008006574                HCI_Event_CB
 .text.HAL_RTC_MspInit
                0x000000000800662c       0x34 DataLog/User/stm32l4xx_hal_msp.o
                0x000000000800662c                HAL_RTC_MspInit
 .text.HAL_MspInit
                0x0000000008006660       0x48 DataLog/User/stm32l4xx_hal_msp.o
                0x0000000008006660                HAL_MspInit
 .text.HAL_TIM_Base_MspInit
                0x00000000080066a8       0x40 DataLog/User/stm32l4xx_hal_msp.o
                0x00000000080066a8                HAL_TIM_Base_MspInit
 .text.NMI_Handler
                0x00000000080066e8        0xe DataLog/User/stm32l4xx_it.o
                0x00000000080066e8                NMI_Handler
 .text.HardFault_Handler
                0x00000000080066f6        0x6 DataLog/User/stm32l4xx_it.o
                0x00000000080066f6                HardFault_Handler
 .text.DebugMon_Handler
                0x00000000080066fc        0xe DataLog/User/stm32l4xx_it.o
                0x00000000080066fc                DebugMon_Handler
 .text.SysTick_Handler
                0x000000000800670a        0xc DataLog/User/stm32l4xx_it.o
                0x000000000800670a                SysTick_Handler
 *fill*         0x0000000008006716        0x2 
 .text.OTG_FS_IRQHandler
                0x0000000008006718       0x14 DataLog/User/stm32l4xx_it.o
                0x0000000008006718                OTG_FS_IRQHandler
 .text.TIM3_IRQHandler
                0x000000000800672c       0x14 DataLog/User/stm32l4xx_it.o
                0x000000000800672c                TIM3_IRQHandler
 .text.TIM4_IRQHandler
                0x0000000008006740       0x14 DataLog/User/stm32l4xx_it.o
                0x0000000008006740                TIM4_IRQHandler
 .text.EXTI2_IRQHandler
                0x0000000008006754        0xe DataLog/User/stm32l4xx_it.o
                0x0000000008006754                EXTI2_IRQHandler
 *fill*         0x0000000008006762        0x2 
 .text.EXTI9_5_IRQHandler
                0x0000000008006764       0x14 DataLog/User/stm32l4xx_it.o
                0x0000000008006764                EXTI9_5_IRQHandler
 .text._sbrk    0x0000000008006778       0x58 DataLog/User/syscalls.o
                0x0000000008006778                _sbrk
 .text._write   0x00000000080067d0       0x38 DataLog/User/syscalls.o
                0x00000000080067d0                _write
 .text._close   0x0000000008006808       0x18 DataLog/User/syscalls.o
                0x0000000008006808                _close
 .text._fstat   0x0000000008006820       0x20 DataLog/User/syscalls.o
                0x0000000008006820                _fstat
 .text._isatty  0x0000000008006840       0x16 DataLog/User/syscalls.o
                0x0000000008006840                _isatty
 .text._lseek   0x0000000008006856       0x1a DataLog/User/syscalls.o
                0x0000000008006856                _lseek
 .text._read    0x0000000008006870       0x22 DataLog/User/syscalls.o
                0x0000000008006870                _read
 *fill*         0x0000000008006892        0x2 
 .text.CDC_Itf_Init
                0x0000000008006894       0x78 DataLog/User/usbd_cdc_interface.o
 .text.Timer_Sample_Itf_Init
                0x000000000800690c       0x58 DataLog/User/usbd_cdc_interface.o
                0x000000000800690c                Timer_Sample_Itf_Init
 .text.CDC_Itf_DeInit
                0x0000000008006964       0x10 DataLog/User/usbd_cdc_interface.o
 .text.CDC_Itf_Control
                0x0000000008006974      0x15c DataLog/User/usbd_cdc_interface.o
 .text.CDC_Fill_Buffer
                0x0000000008006ad0       0x54 DataLog/User/usbd_cdc_interface.o
                0x0000000008006ad0                CDC_Fill_Buffer
 .text.HAL_TIM_PeriodElapsedCallback
                0x0000000008006b24       0x9c DataLog/User/usbd_cdc_interface.o
                0x0000000008006b24                HAL_TIM_PeriodElapsedCallback
 .text.CDC_Itf_Receive
                0x0000000008006bc0       0x18 DataLog/User/usbd_cdc_interface.o
 .text.TIM_Config
                0x0000000008006bd8       0x40 DataLog/User/usbd_cdc_interface.o
 .text.TIM_Sample_Config
                0x0000000008006c18       0x6c DataLog/User/usbd_cdc_interface.o
 .text.Error_Handler
                0x0000000008006c84        0xe DataLog/User/usbd_cdc_interface.o
 *fill*         0x0000000008006c92        0x2 
 .text.HAL_PCD_MspInit
                0x0000000008006c94       0x78 DataLog/User/usbd_conf.o
                0x0000000008006c94                HAL_PCD_MspInit
 .text.HAL_PCD_SetupStageCallback
                0x0000000008006d0c       0x24 DataLog/User/usbd_conf.o
                0x0000000008006d0c                HAL_PCD_SetupStageCallback
 .text.HAL_PCD_DataOutStageCallback
                0x0000000008006d30       0x36 DataLog/User/usbd_conf.o
                0x0000000008006d30                HAL_PCD_DataOutStageCallback
 .text.HAL_PCD_DataInStageCallback
                0x0000000008006d66       0x34 DataLog/User/usbd_conf.o
                0x0000000008006d66                HAL_PCD_DataInStageCallback
 .text.HAL_PCD_SOFCallback
                0x0000000008006d9a       0x1c DataLog/User/usbd_conf.o
                0x0000000008006d9a                HAL_PCD_SOFCallback
 .text.HAL_PCD_ResetCallback
                0x0000000008006db6       0x2a DataLog/User/usbd_conf.o
                0x0000000008006db6                HAL_PCD_ResetCallback
 .text.HAL_PCD_SuspendCallback
                0x0000000008006de0       0x1c DataLog/User/usbd_conf.o
                0x0000000008006de0                HAL_PCD_SuspendCallback
 .text.HAL_PCD_ResumeCallback
                0x0000000008006dfc       0x1c DataLog/User/usbd_conf.o
                0x0000000008006dfc                HAL_PCD_ResumeCallback
 .text.HAL_PCD_ISOOUTIncompleteCallback
                0x0000000008006e18       0x24 DataLog/User/usbd_conf.o
                0x0000000008006e18                HAL_PCD_ISOOUTIncompleteCallback
 .text.HAL_PCD_ISOINIncompleteCallback
                0x0000000008006e3c       0x24 DataLog/User/usbd_conf.o
                0x0000000008006e3c                HAL_PCD_ISOINIncompleteCallback
 .text.HAL_PCD_ConnectCallback
                0x0000000008006e60       0x1c DataLog/User/usbd_conf.o
                0x0000000008006e60                HAL_PCD_ConnectCallback
 .text.HAL_PCD_DisconnectCallback
                0x0000000008006e7c       0x1c DataLog/User/usbd_conf.o
                0x0000000008006e7c                HAL_PCD_DisconnectCallback
 .text.USBD_LL_Init
                0x0000000008006e98       0x94 DataLog/User/usbd_conf.o
                0x0000000008006e98                USBD_LL_Init
 .text.USBD_LL_Start
                0x0000000008006f2c       0x1e DataLog/User/usbd_conf.o
                0x0000000008006f2c                USBD_LL_Start
 .text.USBD_LL_OpenEP
                0x0000000008006f4a       0x34 DataLog/User/usbd_conf.o
                0x0000000008006f4a                USBD_LL_OpenEP
 .text.USBD_LL_CloseEP
                0x0000000008006f7e       0x26 DataLog/User/usbd_conf.o
                0x0000000008006f7e                USBD_LL_CloseEP
 .text.USBD_LL_StallEP
                0x0000000008006fa4       0x26 DataLog/User/usbd_conf.o
                0x0000000008006fa4                USBD_LL_StallEP
 .text.USBD_LL_ClearStallEP
                0x0000000008006fca       0x26 DataLog/User/usbd_conf.o
                0x0000000008006fca                USBD_LL_ClearStallEP
 .text.USBD_LL_IsStallEP
                0x0000000008006ff0       0x58 DataLog/User/usbd_conf.o
                0x0000000008006ff0                USBD_LL_IsStallEP
 .text.USBD_LL_SetUSBAddress
                0x0000000008007048       0x26 DataLog/User/usbd_conf.o
                0x0000000008007048                USBD_LL_SetUSBAddress
 .text.USBD_LL_Transmit
                0x000000000800706e       0x2e DataLog/User/usbd_conf.o
                0x000000000800706e                USBD_LL_Transmit
 .text.USBD_LL_PrepareReceive
                0x000000000800709c       0x2e DataLog/User/usbd_conf.o
                0x000000000800709c                USBD_LL_PrepareReceive
 .text.USBD_LL_GetRxDataSize
                0x00000000080070ca       0x26 DataLog/User/usbd_conf.o
                0x00000000080070ca                USBD_LL_GetRxDataSize
 .text.USBD_VCP_DeviceDescriptor
                0x00000000080070f0       0x24 DataLog/User/usbd_desc.o
                0x00000000080070f0                USBD_VCP_DeviceDescriptor
 .text.USBD_VCP_LangIDStrDescriptor
                0x0000000008007114       0x24 DataLog/User/usbd_desc.o
                0x0000000008007114                USBD_VCP_LangIDStrDescriptor
 .text.USBD_VCP_ProductStrDescriptor
                0x0000000008007138       0x28 DataLog/User/usbd_desc.o
                0x0000000008007138                USBD_VCP_ProductStrDescriptor
 .text.USBD_VCP_ManufacturerStrDescriptor
                0x0000000008007160       0x28 DataLog/User/usbd_desc.o
                0x0000000008007160                USBD_VCP_ManufacturerStrDescriptor
 .text.USBD_VCP_SerialStrDescriptor
                0x0000000008007188       0x24 DataLog/User/usbd_desc.o
                0x0000000008007188                USBD_VCP_SerialStrDescriptor
 .text.USBD_VCP_ConfigStrDescriptor
                0x00000000080071ac       0x28 DataLog/User/usbd_desc.o
                0x00000000080071ac                USBD_VCP_ConfigStrDescriptor
 .text.USBD_VCP_InterfaceStrDescriptor
                0x00000000080071d4       0x28 DataLog/User/usbd_desc.o
                0x00000000080071d4                USBD_VCP_InterfaceStrDescriptor
 .text.Get_SerialNum
                0x00000000080071fc       0x58 DataLog/User/usbd_desc.o
 .text.IntToUnicode
                0x0000000008007254       0x7c DataLog/User/usbd_desc.o
 .text.HTS221_ReadReg
                0x00000000080072d0       0x32 Drivers/BSP/Components/HTS221_Driver.o
                0x00000000080072d0                HTS221_ReadReg
 .text.HTS221_WriteReg
                0x0000000008007302       0x32 Drivers/BSP/Components/HTS221_Driver.o
                0x0000000008007302                HTS221_WriteReg
 .text.HTS221_Get_DeviceID
                0x0000000008007334       0x2a Drivers/BSP/Components/HTS221_Driver.o
                0x0000000008007334                HTS221_Get_DeviceID
 *fill*         0x000000000800735e        0x2 
 .text.HTS221_Get_Humidity
                0x0000000008007360      0x150 Drivers/BSP/Components/HTS221_Driver.o
                0x0000000008007360                HTS221_Get_Humidity
 .text.HTS221_Get_Temperature
                0x00000000080074b0      0x14a Drivers/BSP/Components/HTS221_Driver.o
                0x00000000080074b0                HTS221_Get_Temperature
 .text.HTS221_Get_DataStatus
                0x00000000080075fa       0x48 Drivers/BSP/Components/HTS221_Driver.o
                0x00000000080075fa                HTS221_Get_DataStatus
 .text.HTS221_Activate
                0x0000000008007642       0x4c Drivers/BSP/Components/HTS221_Driver.o
                0x0000000008007642                HTS221_Activate
 .text.HTS221_DeActivate
                0x000000000800768e       0x4c Drivers/BSP/Components/HTS221_Driver.o
                0x000000000800768e                HTS221_DeActivate
 *fill*         0x00000000080076da        0x2 
 .text.HTS221_Set_BduMode
                0x00000000080076dc       0x7c Drivers/BSP/Components/HTS221_Driver.o
                0x00000000080076dc                HTS221_Set_BduMode
 .text.HTS221_Set_Odr
                0x0000000008007758       0x80 Drivers/BSP/Components/HTS221_Driver.o
                0x0000000008007758                HTS221_Set_Odr
 .text.HTS221_Get_Odr
                0x00000000080077d8       0x3c Drivers/BSP/Components/HTS221_Driver.o
                0x00000000080077d8                HTS221_Get_Odr
 .text.HTS221_assert_failed
                0x0000000008007814       0x1c Drivers/BSP/Components/HTS221_Driver.o
                0x0000000008007814                HTS221_assert_failed
 .text.HTS221_H_Init
                0x0000000008007830       0x42 Drivers/BSP/Components/HTS221_Driver_HL.o
 .text.HTS221_H_DeInit
                0x0000000008007872       0x42 Drivers/BSP/Components/HTS221_Driver_HL.o
 .text.HTS221_H_Sensor_Enable
                0x00000000080078b4       0x4e Drivers/BSP/Components/HTS221_Driver_HL.o
 .text.HTS221_H_Sensor_Disable
                0x0000000008007902       0x4e Drivers/BSP/Components/HTS221_Driver_HL.o
 .text.HTS221_H_Get_WhoAmI
                0x0000000008007950       0x1c Drivers/BSP/Components/HTS221_Driver_HL.o
 .text.HTS221_H_Check_WhoAmI
                0x000000000800796c       0x18 Drivers/BSP/Components/HTS221_Driver_HL.o
 .text.HTS221_H_Get_Hum
                0x0000000008007984       0x1c Drivers/BSP/Components/HTS221_Driver_HL.o
 .text.HTS221_H_Get_ODR
                0x00000000080079a0       0x1c Drivers/BSP/Components/HTS221_Driver_HL.o
 .text.HTS221_H_Set_ODR
                0x00000000080079bc       0x20 Drivers/BSP/Components/HTS221_Driver_HL.o
 .text.HTS221_H_Set_ODR_Value
                0x00000000080079dc       0x1c Drivers/BSP/Components/HTS221_Driver_HL.o
 .text.HTS221_H_Read_Reg
                0x00000000080079f8       0x2e Drivers/BSP/Components/HTS221_Driver_HL.o
 .text.HTS221_H_Write_Reg
                0x0000000008007a26       0x30 Drivers/BSP/Components/HTS221_Driver_HL.o
 .text.HTS221_H_Get_DRDY_Status
                0x0000000008007a56       0x4c Drivers/BSP/Components/HTS221_Driver_HL.o
 .text.HTS221_T_Init
                0x0000000008007aa2       0x42 Drivers/BSP/Components/HTS221_Driver_HL.o
 .text.HTS221_T_DeInit
                0x0000000008007ae4       0x42 Drivers/BSP/Components/HTS221_Driver_HL.o
 .text.HTS221_T_Sensor_Enable
                0x0000000008007b26       0x4e Drivers/BSP/Components/HTS221_Driver_HL.o
 .text.HTS221_T_Sensor_Disable
                0x0000000008007b74       0x4e Drivers/BSP/Components/HTS221_Driver_HL.o
 .text.HTS221_T_Get_WhoAmI
                0x0000000008007bc2       0x1c Drivers/BSP/Components/HTS221_Driver_HL.o
 .text.HTS221_T_Check_WhoAmI
                0x0000000008007bde       0x18 Drivers/BSP/Components/HTS221_Driver_HL.o
 .text.HTS221_T_Get_Temp
                0x0000000008007bf6       0x1c Drivers/BSP/Components/HTS221_Driver_HL.o
 .text.HTS221_T_Get_ODR
                0x0000000008007c12       0x1c Drivers/BSP/Components/HTS221_Driver_HL.o
 .text.HTS221_T_Set_ODR
                0x0000000008007c2e       0x20 Drivers/BSP/Components/HTS221_Driver_HL.o
 .text.HTS221_T_Set_ODR_Value
                0x0000000008007c4e       0x1c Drivers/BSP/Components/HTS221_Driver_HL.o
 .text.HTS221_T_Read_Reg
                0x0000000008007c6a       0x2e Drivers/BSP/Components/HTS221_Driver_HL.o
 .text.HTS221_T_Write_Reg
                0x0000000008007c98       0x30 Drivers/BSP/Components/HTS221_Driver_HL.o
 .text.HTS221_T_Get_DRDY_Status
                0x0000000008007cc8       0x4c Drivers/BSP/Components/HTS221_Driver_HL.o
 .text.HTS221_Init
                0x0000000008007d14       0x56 Drivers/BSP/Components/HTS221_Driver_HL.o
 .text.HTS221_Sensor_Enable
                0x0000000008007d6a       0x22 Drivers/BSP/Components/HTS221_Driver_HL.o
 .text.HTS221_Sensor_Disable
                0x0000000008007d8c       0x22 Drivers/BSP/Components/HTS221_Driver_HL.o
 .text.HTS221_Get_WhoAmI
                0x0000000008007dae       0x26 Drivers/BSP/Components/HTS221_Driver_HL.o
 .text.HTS221_Check_WhoAmI
                0x0000000008007dd4       0x3a Drivers/BSP/Components/HTS221_Driver_HL.o
 .text.HTS221_Get_Hum
                0x0000000008007e0e       0x46 Drivers/BSP/Components/HTS221_Driver_HL.o
 .text.HTS221_Get_Temp
                0x0000000008007e54       0x48 Drivers/BSP/Components/HTS221_Driver_HL.o
 .text.HTS221_Get_ODR
                0x0000000008007e9c       0x80 Drivers/BSP/Components/HTS221_Driver_HL.o
 .text.HTS221_Set_ODR
                0x0000000008007f1c       0x6c Drivers/BSP/Components/HTS221_Driver_HL.o
 .text.HTS221_Set_ODR_Value
                0x0000000008007f88       0x58 Drivers/BSP/Components/HTS221_Driver_HL.o
 .text.HTS221_Read_Reg
                0x0000000008007fe0       0x2e Drivers/BSP/Components/HTS221_Driver_HL.o
 .text.HTS221_Write_Reg
                0x000000000800800e       0x30 Drivers/BSP/Components/HTS221_Driver_HL.o
 .text.LPS22HB_ReadReg
                0x000000000800803e       0x32 Drivers/BSP/Components/LPS22HB_Driver.o
                0x000000000800803e                LPS22HB_ReadReg
 .text.LPS22HB_WriteReg
                0x0000000008008070       0x32 Drivers/BSP/Components/LPS22HB_Driver.o
                0x0000000008008070                LPS22HB_WriteReg
 .text.LPS22HB_Get_DeviceID
                0x00000000080080a2       0x2a Drivers/BSP/Components/LPS22HB_Driver.o
                0x00000000080080a2                LPS22HB_Get_DeviceID
 .text.LPS22HB_Set_PowerMode
                0x00000000080080cc       0x5a Drivers/BSP/Components/LPS22HB_Driver.o
                0x00000000080080cc                LPS22HB_Set_PowerMode
 .text.LPS22HB_Set_Odr
                0x0000000008008126       0x5a Drivers/BSP/Components/LPS22HB_Driver.o
                0x0000000008008126                LPS22HB_Set_Odr
 .text.LPS22HB_Get_Odr
                0x0000000008008180       0x38 Drivers/BSP/Components/LPS22HB_Driver.o
                0x0000000008008180                LPS22HB_Get_Odr
 .text.LPS22HB_Set_LowPassFilter
                0x00000000080081b8       0x62 Drivers/BSP/Components/LPS22HB_Driver.o
                0x00000000080081b8                LPS22HB_Set_LowPassFilter
 .text.LPS22HB_Set_LowPassFilterCutoff
                0x000000000800821a       0x5a Drivers/BSP/Components/LPS22HB_Driver.o
                0x000000000800821a                LPS22HB_Set_LowPassFilterCutoff
 .text.LPS22HB_Set_Bdu
                0x0000000008008274       0x5a Drivers/BSP/Components/LPS22HB_Driver.o
                0x0000000008008274                LPS22HB_Set_Bdu
 .text.LPS22HB_SwResetAndMemoryBoot
                0x00000000080082ce       0x4c Drivers/BSP/Components/LPS22HB_Driver.o
                0x00000000080082ce                LPS22HB_SwResetAndMemoryBoot
 .text.LPS22HB_Set_FifoModeUse
                0x000000000800831a       0x62 Drivers/BSP/Components/LPS22HB_Driver.o
                0x000000000800831a                LPS22HB_Set_FifoModeUse
 .text.LPS22HB_Set_FifoWatermarkLevelUse
                0x000000000800837c       0x62 Drivers/BSP/Components/LPS22HB_Driver.o
                0x000000000800837c                LPS22HB_Set_FifoWatermarkLevelUse
 .text.LPS22HB_Set_AutomaticIncrementRegAddress
                0x00000000080083de       0x62 Drivers/BSP/Components/LPS22HB_Driver.o
                0x00000000080083de                LPS22HB_Set_AutomaticIncrementRegAddress
 .text.LPS22HB_Set_I2C
                0x0000000008008440       0x66 Drivers/BSP/Components/LPS22HB_Driver.o
                0x0000000008008440                LPS22HB_Set_I2C
 .text.LPS22HB_Set_FIFO_OVR_Interrupt
                0x00000000080084a6       0x62 Drivers/BSP/Components/LPS22HB_Driver.o
                0x00000000080084a6                LPS22HB_Set_FIFO_OVR_Interrupt
 .text.LPS22HB_Set_FIFO_FTH_Interrupt
                0x0000000008008508       0x62 Drivers/BSP/Components/LPS22HB_Driver.o
                0x0000000008008508                LPS22HB_Set_FIFO_FTH_Interrupt
 .text.LPS22HB_Set_FIFO_FULL_Interrupt
                0x000000000800856a       0x62 Drivers/BSP/Components/LPS22HB_Driver.o
                0x000000000800856a                LPS22HB_Set_FIFO_FULL_Interrupt
 .text.LPS22HB_Get_DataStatus
                0x00000000080085cc       0x64 Drivers/BSP/Components/LPS22HB_Driver.o
                0x00000000080085cc                LPS22HB_Get_DataStatus
 .text.LPS22HB_Get_RawPressure
                0x0000000008008630       0x76 Drivers/BSP/Components/LPS22HB_Driver.o
                0x0000000008008630                LPS22HB_Get_RawPressure
 .text.LPS22HB_Get_Pressure
                0x00000000080086a6       0x42 Drivers/BSP/Components/LPS22HB_Driver.o
                0x00000000080086a6                LPS22HB_Get_Pressure
 .text.LPS22HB_Get_RawTemperature
                0x00000000080086e8       0x44 Drivers/BSP/Components/LPS22HB_Driver.o
                0x00000000080086e8                LPS22HB_Get_RawTemperature
 .text.LPS22HB_Get_Temperature
                0x000000000800872c       0x50 Drivers/BSP/Components/LPS22HB_Driver.o
                0x000000000800872c                LPS22HB_Get_Temperature
 .text.LPS22HB_Set_FifoMode
                0x000000000800877c       0x5a Drivers/BSP/Components/LPS22HB_Driver.o
                0x000000000800877c                LPS22HB_Set_FifoMode
 .text.LPS22HB_Get_FifoMode
                0x00000000080087d6       0x3c Drivers/BSP/Components/LPS22HB_Driver.o
                0x00000000080087d6                LPS22HB_Get_FifoMode
 .text.LPS22HB_Set_FifoWatermarkLevel
                0x0000000008008812       0x5a Drivers/BSP/Components/LPS22HB_Driver.o
                0x0000000008008812                LPS22HB_Set_FifoWatermarkLevel
 .text.LPS22HB_Get_FifoWatermarkLevel
                0x000000000800886c       0x38 Drivers/BSP/Components/LPS22HB_Driver.o
                0x000000000800886c                LPS22HB_Get_FifoWatermarkLevel
 .text.LPS22HB_Get_FifoStatus
                0x00000000080088a4       0x7e Drivers/BSP/Components/LPS22HB_Driver.o
                0x00000000080088a4                LPS22HB_Get_FifoStatus
 .text.LPS22HB_P_Init
                0x0000000008008922       0x42 Drivers/BSP/Components/LPS22HB_Driver_HL.o
 .text.LPS22HB_P_DeInit
                0x0000000008008964       0x40 Drivers/BSP/Components/LPS22HB_Driver_HL.o
 .text.LPS22HB_P_Sensor_Enable
                0x00000000080089a4       0x4c Drivers/BSP/Components/LPS22HB_Driver_HL.o
 .text.LPS22HB_P_Sensor_Disable
                0x00000000080089f0       0x4e Drivers/BSP/Components/LPS22HB_Driver_HL.o
 .text.LPS22HB_P_Get_WhoAmI
                0x0000000008008a3e       0x1c Drivers/BSP/Components/LPS22HB_Driver_HL.o
 .text.LPS22HB_P_Check_WhoAmI
                0x0000000008008a5a       0x18 Drivers/BSP/Components/LPS22HB_Driver_HL.o
 .text.LPS22HB_P_Get_Press
                0x0000000008008a72       0x1c Drivers/BSP/Components/LPS22HB_Driver_HL.o
 .text.LPS22HB_P_Get_ODR
                0x0000000008008a8e       0x1c Drivers/BSP/Components/LPS22HB_Driver_HL.o
 .text.LPS22HB_P_Set_ODR
                0x0000000008008aaa       0x54 Drivers/BSP/Components/LPS22HB_Driver_HL.o
 .text.LPS22HB_P_Set_ODR_Value
                0x0000000008008afe       0x4e Drivers/BSP/Components/LPS22HB_Driver_HL.o
 .text.LPS22HB_P_Read_Reg
                0x0000000008008b4c       0x2e Drivers/BSP/Components/LPS22HB_Driver_HL.o
 .text.LPS22HB_P_Write_Reg
                0x0000000008008b7a       0x30 Drivers/BSP/Components/LPS22HB_Driver_HL.o
 .text.LPS22HB_P_Get_DRDY_Status
                0x0000000008008baa       0x30 Drivers/BSP/Components/LPS22HB_Driver_HL.o
 .text.LPS22HB_T_Init
                0x0000000008008bda       0x42 Drivers/BSP/Components/LPS22HB_Driver_HL.o
 .text.LPS22HB_T_DeInit
                0x0000000008008c1c       0x40 Drivers/BSP/Components/LPS22HB_Driver_HL.o
 .text.LPS22HB_T_Sensor_Enable
                0x0000000008008c5c       0x4c Drivers/BSP/Components/LPS22HB_Driver_HL.o
 .text.LPS22HB_T_Sensor_Disable
                0x0000000008008ca8       0x4e Drivers/BSP/Components/LPS22HB_Driver_HL.o
 .text.LPS22HB_T_Get_WhoAmI
                0x0000000008008cf6       0x1c Drivers/BSP/Components/LPS22HB_Driver_HL.o
 .text.LPS22HB_T_Check_WhoAmI
                0x0000000008008d12       0x18 Drivers/BSP/Components/LPS22HB_Driver_HL.o
 .text.LPS22HB_T_Get_Temp
                0x0000000008008d2a       0x1c Drivers/BSP/Components/LPS22HB_Driver_HL.o
 .text.LPS22HB_T_Get_ODR
                0x0000000008008d46       0x1c Drivers/BSP/Components/LPS22HB_Driver_HL.o
 .text.LPS22HB_T_Set_ODR
                0x0000000008008d62       0x54 Drivers/BSP/Components/LPS22HB_Driver_HL.o
 .text.LPS22HB_T_Set_ODR_Value
                0x0000000008008db6       0x4e Drivers/BSP/Components/LPS22HB_Driver_HL.o
 .text.LPS22HB_T_Read_Reg
                0x0000000008008e04       0x2e Drivers/BSP/Components/LPS22HB_Driver_HL.o
 .text.LPS22HB_T_Write_Reg
                0x0000000008008e32       0x30 Drivers/BSP/Components/LPS22HB_Driver_HL.o
 .text.LPS22HB_T_Get_DRDY_Status
                0x0000000008008e62       0x30 Drivers/BSP/Components/LPS22HB_Driver_HL.o
 *fill*         0x0000000008008e92        0x2 
 .text.LPS22HB_Initialize
                0x0000000008008e94       0xbc Drivers/BSP/Components/LPS22HB_Driver_HL.o
 .text.LPS22HB_Get_WhoAmI
                0x0000000008008f50       0x26 Drivers/BSP/Components/LPS22HB_Driver_HL.o
 .text.LPS22HB_Check_WhoAmI
                0x0000000008008f76       0x3a Drivers/BSP/Components/LPS22HB_Driver_HL.o
 .text.LPS22HB_Get_Press
                0x0000000008008fb0       0x4c Drivers/BSP/Components/LPS22HB_Driver_HL.o
 .text.LPS22HB_Get_Temp
                0x0000000008008ffc       0x48 Drivers/BSP/Components/LPS22HB_Driver_HL.o
 .text.LPS22HB_Get_ODR
                0x0000000008009044       0xa0 Drivers/BSP/Components/LPS22HB_Driver_HL.o
 .text.LPS22HB_Set_ODR_When_Enabled
                0x00000000080090e4       0x88 Drivers/BSP/Components/LPS22HB_Driver_HL.o
 .text.LPS22HB_Set_ODR_When_Disabled
                0x000000000800916c       0x7c Drivers/BSP/Components/LPS22HB_Driver_HL.o
 .text.LPS22HB_Set_ODR_Value_When_Enabled
                0x00000000080091e8       0xa0 Drivers/BSP/Components/LPS22HB_Driver_HL.o
 .text.LPS22HB_Set_ODR_Value_When_Disabled
                0x0000000008009288       0x90 Drivers/BSP/Components/LPS22HB_Driver_HL.o
 .text.LPS22HB_Read_Reg
                0x0000000008009318       0x2e Drivers/BSP/Components/LPS22HB_Driver_HL.o
 .text.LPS22HB_Write_Reg
                0x0000000008009346       0x30 Drivers/BSP/Components/LPS22HB_Driver_HL.o
 .text.LPS22HB_FIFO_Get_Empty_Status
                0x0000000008009376       0x30 Drivers/BSP/Components/LPS22HB_Driver_HL.o
 .text.LPS22HB_FIFO_Get_Full_Status
                0x00000000080093a6       0x30 Drivers/BSP/Components/LPS22HB_Driver_HL.o
 .text.LPS22HB_FIFO_Get_Ovr_Status
                0x00000000080093d6       0x30 Drivers/BSP/Components/LPS22HB_Driver_HL.o
 .text.LPS22HB_FIFO_Get_Fth_Status
                0x0000000008009406       0x30 Drivers/BSP/Components/LPS22HB_Driver_HL.o
 .text.LPS22HB_FIFO_Stop_On_Fth
                0x0000000008009436       0x38 Drivers/BSP/Components/LPS22HB_Driver_HL.o
 .text.LPS22HB_FIFO_Usage
                0x000000000800946e       0x38 Drivers/BSP/Components/LPS22HB_Driver_HL.o
 .text.LPS22HB_FIFO_Get_Num_Of_Samples
                0x00000000080094a6       0x30 Drivers/BSP/Components/LPS22HB_Driver_HL.o
 .text.LPS22HB_FIFO_Get_Data
                0x00000000080094d6       0x3a Drivers/BSP/Components/LPS22HB_Driver_HL.o
 .text.LPS22HB_FIFO_Get_Mode
                0x0000000008009510       0x30 Drivers/BSP/Components/LPS22HB_Driver_HL.o
 .text.LPS22HB_FIFO_Set_Mode
                0x0000000008009540       0x50 Drivers/BSP/Components/LPS22HB_Driver_HL.o
 .text.LPS22HB_FIFO_Get_Watermark_Level
                0x0000000008009590       0x26 Drivers/BSP/Components/LPS22HB_Driver_HL.o
 .text.LPS22HB_FIFO_Set_Watermark_Level
                0x00000000080095b6       0x2a Drivers/BSP/Components/LPS22HB_Driver_HL.o
 .text.LPS22HB_FIFO_Watermark_Usage
                0x00000000080095e0       0x38 Drivers/BSP/Components/LPS22HB_Driver_HL.o
 .text.LPS22HB_FIFO_Set_Interrupt
                0x0000000008009618       0x68 Drivers/BSP/Components/LPS22HB_Driver_HL.o
 .text.LPS22HB_FIFO_Reset_Interrupt
                0x0000000008009680       0x68 Drivers/BSP/Components/LPS22HB_Driver_HL.o
 .text.LSM303AGR_ACC_WriteReg
                0x00000000080096e8       0x34 Drivers/BSP/Components/LSM303AGR_ACC_driver.o
                0x00000000080096e8                LSM303AGR_ACC_WriteReg
 .text.LSM303AGR_ACC_ReadReg
                0x000000000800971c       0x34 Drivers/BSP/Components/LSM303AGR_ACC_driver.o
                0x000000000800971c                LSM303AGR_ACC_ReadReg
 .text.LSM303AGR_ACC_R_WHO_AM_I
                0x0000000008009750       0x3a Drivers/BSP/Components/LSM303AGR_ACC_driver.o
                0x0000000008009750                LSM303AGR_ACC_R_WHO_AM_I
 .text.LSM303AGR_ACC_W_BlockDataUpdate
                0x000000000800978a       0x5a Drivers/BSP/Components/LSM303AGR_ACC_driver.o
                0x000000000800978a                LSM303AGR_ACC_W_BlockDataUpdate
 .text.LSM303AGR_ACC_W_FullScale
                0x00000000080097e4       0x5a Drivers/BSP/Components/LSM303AGR_ACC_driver.o
                0x00000000080097e4                LSM303AGR_ACC_W_FullScale
 .text.LSM303AGR_ACC_R_FullScale
                0x000000000800983e       0x38 Drivers/BSP/Components/LSM303AGR_ACC_driver.o
                0x000000000800983e                LSM303AGR_ACC_R_FullScale
 .text.LSM303AGR_ACC_Get_Raw_Acceleration
                0x0000000008009876       0x2a Drivers/BSP/Components/LSM303AGR_ACC_driver.o
                0x0000000008009876                LSM303AGR_ACC_Get_Raw_Acceleration
 .text.LSM303AGR_ACC_Get_Acceleration
                0x00000000080098a0      0x1d4 Drivers/BSP/Components/LSM303AGR_ACC_driver.o
                0x00000000080098a0                LSM303AGR_ACC_Get_Acceleration
 .text.LSM303AGR_ACC_W_ODR
                0x0000000008009a74       0x5a Drivers/BSP/Components/LSM303AGR_ACC_driver.o
                0x0000000008009a74                LSM303AGR_ACC_W_ODR
 .text.LSM303AGR_ACC_R_ODR
                0x0000000008009ace       0x38 Drivers/BSP/Components/LSM303AGR_ACC_driver.o
                0x0000000008009ace                LSM303AGR_ACC_R_ODR
 .text.LSM303AGR_ACC_W_XEN
                0x0000000008009b06       0x5a Drivers/BSP/Components/LSM303AGR_ACC_driver.o
                0x0000000008009b06                LSM303AGR_ACC_W_XEN
 .text.LSM303AGR_ACC_R_XEN
                0x0000000008009b60       0x38 Drivers/BSP/Components/LSM303AGR_ACC_driver.o
                0x0000000008009b60                LSM303AGR_ACC_R_XEN
 .text.LSM303AGR_ACC_W_YEN
                0x0000000008009b98       0x5a Drivers/BSP/Components/LSM303AGR_ACC_driver.o
                0x0000000008009b98                LSM303AGR_ACC_W_YEN
 .text.LSM303AGR_ACC_R_YEN
                0x0000000008009bf2       0x38 Drivers/BSP/Components/LSM303AGR_ACC_driver.o
                0x0000000008009bf2                LSM303AGR_ACC_R_YEN
 .text.LSM303AGR_ACC_W_ZEN
                0x0000000008009c2a       0x5a Drivers/BSP/Components/LSM303AGR_ACC_driver.o
                0x0000000008009c2a                LSM303AGR_ACC_W_ZEN
 .text.LSM303AGR_ACC_R_ZEN
                0x0000000008009c84       0x38 Drivers/BSP/Components/LSM303AGR_ACC_driver.o
                0x0000000008009c84                LSM303AGR_ACC_R_ZEN
 .text.LSM303AGR_ACC_R_LOWPWR_EN
                0x0000000008009cbc       0x38 Drivers/BSP/Components/LSM303AGR_ACC_driver.o
                0x0000000008009cbc                LSM303AGR_ACC_R_LOWPWR_EN
 .text.LSM303AGR_ACC_R_HiRes
                0x0000000008009cf4       0x38 Drivers/BSP/Components/LSM303AGR_ACC_driver.o
                0x0000000008009cf4                LSM303AGR_ACC_R_HiRes
 .text.LSM303AGR_ACC_R_XDataAvail
                0x0000000008009d2c       0x38 Drivers/BSP/Components/LSM303AGR_ACC_driver.o
                0x0000000008009d2c                LSM303AGR_ACC_R_XDataAvail
 .text.LSM303AGR_ACC_W_FifoMode
                0x0000000008009d64       0x5a Drivers/BSP/Components/LSM303AGR_ACC_driver.o
                0x0000000008009d64                LSM303AGR_ACC_W_FifoMode
 *fill*         0x0000000008009dbe        0x2 
 .text.LSM303AGR_X_Init
                0x0000000008009dc0       0xc0 Drivers/BSP/Components/LSM303AGR_ACC_driver_HL.o
 .text.LSM303AGR_X_DeInit
                0x0000000008009e80       0x58 Drivers/BSP/Components/LSM303AGR_ACC_driver_HL.o
 .text.LSM303AGR_X_Sensor_Enable
                0x0000000008009ed8       0x46 Drivers/BSP/Components/LSM303AGR_ACC_driver_HL.o
 .text.LSM303AGR_X_Sensor_Disable
                0x0000000008009f1e       0x58 Drivers/BSP/Components/LSM303AGR_ACC_driver_HL.o
 .text.LSM303AGR_X_Get_WhoAmI
                0x0000000008009f76       0x26 Drivers/BSP/Components/LSM303AGR_ACC_driver_HL.o
 .text.LSM303AGR_X_Check_WhoAmI
                0x0000000008009f9c       0x3a Drivers/BSP/Components/LSM303AGR_ACC_driver_HL.o
 .text.LSM303AGR_X_Get_Axes
                0x0000000008009fd6       0x3c Drivers/BSP/Components/LSM303AGR_ACC_driver_HL.o
 .text.LSM303AGR_X_Get_AxesRaw
                0x000000000800a012       0x42 Drivers/BSP/Components/LSM303AGR_ACC_driver_HL.o
 .text.LSM303AGR_X_Get_Sensitivity
                0x000000000800a054       0x88 Drivers/BSP/Components/LSM303AGR_ACC_driver_HL.o
 .text.LSM303AGR_X_Get_ODR
                0x000000000800a0dc       0xc4 Drivers/BSP/Components/LSM303AGR_ACC_driver_HL.o
 .text.LSM303AGR_X_Set_ODR
                0x000000000800a1a0       0x46 Drivers/BSP/Components/LSM303AGR_ACC_driver_HL.o
 .text.LSM303AGR_X_Set_ODR_Value
                0x000000000800a1e6       0x40 Drivers/BSP/Components/LSM303AGR_ACC_driver_HL.o
 *fill*         0x000000000800a226        0x2 
 .text.LSM303AGR_X_Get_FS
                0x000000000800a228       0x7c Drivers/BSP/Components/LSM303AGR_ACC_driver_HL.o
 .text.LSM303AGR_X_Set_FS
                0x000000000800a2a4       0x4e Drivers/BSP/Components/LSM303AGR_ACC_driver_HL.o
 .text.LSM303AGR_X_Set_FS_Value
                0x000000000800a2f2       0x6e Drivers/BSP/Components/LSM303AGR_ACC_driver_HL.o
 .text.LSM303AGR_X_Get_Axes_Status
                0x000000000800a360       0x8c Drivers/BSP/Components/LSM303AGR_ACC_driver_HL.o
 .text.LSM303AGR_X_Set_Axes_Status
                0x000000000800a3ec       0x78 Drivers/BSP/Components/LSM303AGR_ACC_driver_HL.o
 .text.LSM303AGR_X_Read_Reg
                0x000000000800a464       0x2e Drivers/BSP/Components/LSM303AGR_ACC_driver_HL.o
 .text.LSM303AGR_X_Write_Reg
                0x000000000800a492       0x30 Drivers/BSP/Components/LSM303AGR_ACC_driver_HL.o
 .text.LSM303AGR_X_Get_DRDY_Status
                0x000000000800a4c2       0x48 Drivers/BSP/Components/LSM303AGR_ACC_driver_HL.o
 .text.LSM303AGR_X_Get_Axes_Raw
                0x000000000800a50a       0xca Drivers/BSP/Components/LSM303AGR_ACC_driver_HL.o
 .text.LSM303AGR_X_Set_ODR_When_Enabled
                0x000000000800a5d4       0x6c Drivers/BSP/Components/LSM303AGR_ACC_driver_HL.o
 .text.LSM303AGR_X_Set_ODR_When_Disabled
                0x000000000800a640       0x84 Drivers/BSP/Components/LSM303AGR_ACC_driver_HL.o
 .text.LSM303AGR_X_Set_ODR_Value_When_Enabled
                0x000000000800a6c4       0xbc Drivers/BSP/Components/LSM303AGR_ACC_driver_HL.o
 .text.LSM303AGR_X_Set_ODR_Value_When_Disabled
                0x000000000800a780       0xd4 Drivers/BSP/Components/LSM303AGR_ACC_driver_HL.o
 .text.LSM303AGR_X_Get_Sensitivity_Normal_Mode
                0x000000000800a854       0x84 Drivers/BSP/Components/LSM303AGR_ACC_driver_HL.o
 .text.LSM303AGR_X_Get_Sensitivity_LP_Mode
                0x000000000800a8d8       0x84 Drivers/BSP/Components/LSM303AGR_ACC_driver_HL.o
 .text.LSM303AGR_X_Get_Sensitivity_HR_Mode
                0x000000000800a95c       0x84 Drivers/BSP/Components/LSM303AGR_ACC_driver_HL.o
 .text.LSM303AGR_MAG_WriteReg
                0x000000000800a9e0       0x34 Drivers/BSP/Components/LSM303AGR_MAG_driver.o
                0x000000000800a9e0                LSM303AGR_MAG_WriteReg
 .text.LSM303AGR_MAG_ReadReg
                0x000000000800aa14       0x34 Drivers/BSP/Components/LSM303AGR_MAG_driver.o
                0x000000000800aa14                LSM303AGR_MAG_ReadReg
 .text.LSM303AGR_MAG_R_WHO_AM_I
                0x000000000800aa48       0x3a Drivers/BSP/Components/LSM303AGR_MAG_driver.o
                0x000000000800aa48                LSM303AGR_MAG_R_WHO_AM_I
 .text.LSM303AGR_MAG_W_BDU
                0x000000000800aa82       0x5a Drivers/BSP/Components/LSM303AGR_MAG_driver.o
                0x000000000800aa82                LSM303AGR_MAG_W_BDU
 .text.LSM303AGR_MAG_W_MD
                0x000000000800aadc       0x5a Drivers/BSP/Components/LSM303AGR_MAG_driver.o
                0x000000000800aadc                LSM303AGR_MAG_W_MD
 .text.LSM303AGR_MAG_Get_Raw_Magnetic
                0x000000000800ab36       0x2a Drivers/BSP/Components/LSM303AGR_MAG_driver.o
                0x000000000800ab36                LSM303AGR_MAG_Get_Raw_Magnetic
 .text.LSM303AGR_MAG_W_ODR
                0x000000000800ab60       0x5a Drivers/BSP/Components/LSM303AGR_MAG_driver.o
                0x000000000800ab60                LSM303AGR_MAG_W_ODR
 .text.LSM303AGR_MAG_R_ODR
                0x000000000800abba       0x38 Drivers/BSP/Components/LSM303AGR_MAG_driver.o
                0x000000000800abba                LSM303AGR_MAG_R_ODR
 .text.LSM303AGR_MAG_W_ST
                0x000000000800abf2       0x5a Drivers/BSP/Components/LSM303AGR_MAG_driver.o
                0x000000000800abf2                LSM303AGR_MAG_W_ST
 .text.LSM303AGR_MAG_W_I2C_DIS
                0x000000000800ac4c       0x5a Drivers/BSP/Components/LSM303AGR_MAG_driver.o
                0x000000000800ac4c                LSM303AGR_MAG_W_I2C_DIS
 .text.LSM303AGR_MAG_R_ZYXDA
                0x000000000800aca6       0x38 Drivers/BSP/Components/LSM303AGR_MAG_driver.o
                0x000000000800aca6                LSM303AGR_MAG_R_ZYXDA
 .text.LSM303AGR_M_Init
                0x000000000800acde       0x9a Drivers/BSP/Components/LSM303AGR_MAG_driver_HL.o
 .text.LSM303AGR_M_DeInit
                0x000000000800ad78       0x50 Drivers/BSP/Components/LSM303AGR_MAG_driver_HL.o
 .text.LSM303AGR_M_Sensor_Enable
                0x000000000800adc8       0x36 Drivers/BSP/Components/LSM303AGR_MAG_driver_HL.o
 .text.LSM303AGR_M_Sensor_Disable
                0x000000000800adfe       0x36 Drivers/BSP/Components/LSM303AGR_MAG_driver_HL.o
 .text.LSM303AGR_M_Get_WhoAmI
                0x000000000800ae34       0x26 Drivers/BSP/Components/LSM303AGR_MAG_driver_HL.o
 .text.LSM303AGR_M_Check_WhoAmI
                0x000000000800ae5a       0x3a Drivers/BSP/Components/LSM303AGR_MAG_driver_HL.o
 .text.LSM303AGR_M_Get_Axes
                0x000000000800ae94       0xa6 Drivers/BSP/Components/LSM303AGR_MAG_driver_HL.o
 .text.LSM303AGR_M_Get_AxesRaw
                0x000000000800af3a       0x42 Drivers/BSP/Components/LSM303AGR_MAG_driver_HL.o
 .text.LSM303AGR_M_Get_Sensitivity
                0x000000000800af7c       0x20 Drivers/BSP/Components/LSM303AGR_MAG_driver_HL.o
 .text.LSM303AGR_M_Get_ODR
                0x000000000800af9c       0xa8 Drivers/BSP/Components/LSM303AGR_MAG_driver_HL.o
 .text.LSM303AGR_M_Set_ODR
                0x000000000800b044       0x6c Drivers/BSP/Components/LSM303AGR_MAG_driver_HL.o
 .text.LSM303AGR_M_Set_ODR_Value
                0x000000000800b0b0       0x74 Drivers/BSP/Components/LSM303AGR_MAG_driver_HL.o
 .text.LSM303AGR_M_Get_FS
                0x000000000800b124       0x24 Drivers/BSP/Components/LSM303AGR_MAG_driver_HL.o
 .text.LSM303AGR_M_Set_FS
                0x000000000800b148       0x1a Drivers/BSP/Components/LSM303AGR_MAG_driver_HL.o
 .text.LSM303AGR_M_Set_FS_Value
                0x000000000800b162       0x18 Drivers/BSP/Components/LSM303AGR_MAG_driver_HL.o
 .text.LSM303AGR_M_Read_Reg
                0x000000000800b17a       0x2e Drivers/BSP/Components/LSM303AGR_MAG_driver_HL.o
 .text.LSM303AGR_M_Write_Reg
                0x000000000800b1a8       0x30 Drivers/BSP/Components/LSM303AGR_MAG_driver_HL.o
 .text.LSM303AGR_M_Get_DRDY_Status
                0x000000000800b1d8       0x48 Drivers/BSP/Components/LSM303AGR_MAG_driver_HL.o
 .text.LSM303AGR_M_Get_Axes_Raw
                0x000000000800b220       0x5c Drivers/BSP/Components/LSM303AGR_MAG_driver_HL.o
 .text.LSM6DSM_ACC_GYRO_ReadReg
                0x000000000800b27c       0x2e Drivers/BSP/Components/LSM6DSM_ACC_GYRO_driver.o
                0x000000000800b27c                LSM6DSM_ACC_GYRO_ReadReg
 .text.LSM6DSM_ACC_GYRO_WriteReg
                0x000000000800b2aa       0x30 Drivers/BSP/Components/LSM6DSM_ACC_GYRO_driver.o
                0x000000000800b2aa                LSM6DSM_ACC_GYRO_WriteReg
 .text.LSM6DSM_ACC_GYRO_W_EmbeddedAccess
                0x000000000800b2da       0x58 Drivers/BSP/Components/LSM6DSM_ACC_GYRO_driver.o
                0x000000000800b2da                LSM6DSM_ACC_GYRO_W_EmbeddedAccess
 .text.LSM6DSM_ACC_GYRO_W_FIFO_MODE
                0x000000000800b332       0x58 Drivers/BSP/Components/LSM6DSM_ACC_GYRO_driver.o
                0x000000000800b332                LSM6DSM_ACC_GYRO_W_FIFO_MODE
 .text.LSM6DSM_ACC_GYRO_W_STEP_DELTA_on_INT2
                0x000000000800b38a       0x58 Drivers/BSP/Components/LSM6DSM_ACC_GYRO_driver.o
                0x000000000800b38a                LSM6DSM_ACC_GYRO_W_STEP_DELTA_on_INT2
 .text.LSM6DSM_ACC_GYRO_R_WHO_AM_I
                0x000000000800b3e2       0x38 Drivers/BSP/Components/LSM6DSM_ACC_GYRO_driver.o
                0x000000000800b3e2                LSM6DSM_ACC_GYRO_R_WHO_AM_I
 .text.LSM6DSM_ACC_GYRO_W_FS_XL
                0x000000000800b41a       0x58 Drivers/BSP/Components/LSM6DSM_ACC_GYRO_driver.o
                0x000000000800b41a                LSM6DSM_ACC_GYRO_W_FS_XL
 .text.LSM6DSM_ACC_GYRO_R_FS_XL
                0x000000000800b472       0x36 Drivers/BSP/Components/LSM6DSM_ACC_GYRO_driver.o
                0x000000000800b472                LSM6DSM_ACC_GYRO_R_FS_XL
 .text.LSM6DSM_ACC_GYRO_W_ODR_XL
                0x000000000800b4a8       0x58 Drivers/BSP/Components/LSM6DSM_ACC_GYRO_driver.o
                0x000000000800b4a8                LSM6DSM_ACC_GYRO_W_ODR_XL
 .text.LSM6DSM_ACC_GYRO_R_ODR_XL
                0x000000000800b500       0x36 Drivers/BSP/Components/LSM6DSM_ACC_GYRO_driver.o
                0x000000000800b500                LSM6DSM_ACC_GYRO_R_ODR_XL
 .text.LSM6DSM_ACC_GYRO_W_FS_125
                0x000000000800b536       0x58 Drivers/BSP/Components/LSM6DSM_ACC_GYRO_driver.o
                0x000000000800b536                LSM6DSM_ACC_GYRO_W_FS_125
 .text.LSM6DSM_ACC_GYRO_R_FS_125
                0x000000000800b58e       0x36 Drivers/BSP/Components/LSM6DSM_ACC_GYRO_driver.o
                0x000000000800b58e                LSM6DSM_ACC_GYRO_R_FS_125
 .text.LSM6DSM_ACC_GYRO_W_FS_G
                0x000000000800b5c4       0x58 Drivers/BSP/Components/LSM6DSM_ACC_GYRO_driver.o
                0x000000000800b5c4                LSM6DSM_ACC_GYRO_W_FS_G
 .text.LSM6DSM_ACC_GYRO_R_FS_G
                0x000000000800b61c       0x36 Drivers/BSP/Components/LSM6DSM_ACC_GYRO_driver.o
                0x000000000800b61c                LSM6DSM_ACC_GYRO_R_FS_G
 .text.LSM6DSM_ACC_GYRO_W_ODR_G
                0x000000000800b652       0x58 Drivers/BSP/Components/LSM6DSM_ACC_GYRO_driver.o
                0x000000000800b652                LSM6DSM_ACC_GYRO_W_ODR_G
 .text.LSM6DSM_ACC_GYRO_R_ODR_G
                0x000000000800b6aa       0x36 Drivers/BSP/Components/LSM6DSM_ACC_GYRO_driver.o
                0x000000000800b6aa                LSM6DSM_ACC_GYRO_R_ODR_G
 .text.LSM6DSM_ACC_GYRO_W_IF_Addr_Incr
                0x000000000800b6e0       0x58 Drivers/BSP/Components/LSM6DSM_ACC_GYRO_driver.o
                0x000000000800b6e0                LSM6DSM_ACC_GYRO_W_IF_Addr_Incr
 .text.LSM6DSM_ACC_GYRO_W_BDU
                0x000000000800b738       0x58 Drivers/BSP/Components/LSM6DSM_ACC_GYRO_driver.o
                0x000000000800b738                LSM6DSM_ACC_GYRO_W_BDU
 .text.LSM6DSM_ACC_GYRO_W_I2C_DISABLE
                0x000000000800b790       0x58 Drivers/BSP/Components/LSM6DSM_ACC_GYRO_driver.o
                0x000000000800b790                LSM6DSM_ACC_GYRO_W_I2C_DISABLE
 .text.LSM6DSM_ACC_GYRO_W_PedoStepReset
                0x000000000800b7e8       0x58 Drivers/BSP/Components/LSM6DSM_ACC_GYRO_driver.o
                0x000000000800b7e8                LSM6DSM_ACC_GYRO_W_PedoStepReset
 .text.LSM6DSM_ACC_GYRO_W_TILT
                0x000000000800b840       0x58 Drivers/BSP/Components/LSM6DSM_ACC_GYRO_driver.o
                0x000000000800b840                LSM6DSM_ACC_GYRO_W_TILT
 .text.LSM6DSM_ACC_GYRO_W_PEDO
                0x000000000800b898       0x58 Drivers/BSP/Components/LSM6DSM_ACC_GYRO_driver.o
                0x000000000800b898                LSM6DSM_ACC_GYRO_W_PEDO
 .text.LSM6DSM_ACC_GYRO_W_FUNC_EN
                0x000000000800b8f0       0x58 Drivers/BSP/Components/LSM6DSM_ACC_GYRO_driver.o
                0x000000000800b8f0                LSM6DSM_ACC_GYRO_W_FUNC_EN
 .text.LSM6DSM_ACC_GYRO_R_WU_EV_STATUS
                0x000000000800b948       0x36 Drivers/BSP/Components/LSM6DSM_ACC_GYRO_driver.o
                0x000000000800b948                LSM6DSM_ACC_GYRO_R_WU_EV_STATUS
 .text.LSM6DSM_ACC_GYRO_R_FF_EV_STATUS
                0x000000000800b97e       0x36 Drivers/BSP/Components/LSM6DSM_ACC_GYRO_driver.o
                0x000000000800b97e                LSM6DSM_ACC_GYRO_R_FF_EV_STATUS
 .text.LSM6DSM_ACC_GYRO_R_DOUBLE_TAP_EV_STATUS
                0x000000000800b9b4       0x36 Drivers/BSP/Components/LSM6DSM_ACC_GYRO_driver.o
                0x000000000800b9b4                LSM6DSM_ACC_GYRO_R_DOUBLE_TAP_EV_STATUS
 .text.LSM6DSM_ACC_GYRO_R_SINGLE_TAP_EV_STATUS
                0x000000000800b9ea       0x36 Drivers/BSP/Components/LSM6DSM_ACC_GYRO_driver.o
                0x000000000800b9ea                LSM6DSM_ACC_GYRO_R_SINGLE_TAP_EV_STATUS
 .text.LSM6DSM_ACC_GYRO_R_DSD_XL
                0x000000000800ba20       0x36 Drivers/BSP/Components/LSM6DSM_ACC_GYRO_driver.o
                0x000000000800ba20                LSM6DSM_ACC_GYRO_R_DSD_XL
 .text.LSM6DSM_ACC_GYRO_R_DSD_XH
                0x000000000800ba56       0x36 Drivers/BSP/Components/LSM6DSM_ACC_GYRO_driver.o
                0x000000000800ba56                LSM6DSM_ACC_GYRO_R_DSD_XH
 .text.LSM6DSM_ACC_GYRO_R_DSD_YL
                0x000000000800ba8c       0x36 Drivers/BSP/Components/LSM6DSM_ACC_GYRO_driver.o
                0x000000000800ba8c                LSM6DSM_ACC_GYRO_R_DSD_YL
 .text.LSM6DSM_ACC_GYRO_R_DSD_YH
                0x000000000800bac2       0x36 Drivers/BSP/Components/LSM6DSM_ACC_GYRO_driver.o
                0x000000000800bac2                LSM6DSM_ACC_GYRO_R_DSD_YH
 .text.LSM6DSM_ACC_GYRO_R_DSD_ZL
                0x000000000800baf8       0x36 Drivers/BSP/Components/LSM6DSM_ACC_GYRO_driver.o
                0x000000000800baf8                LSM6DSM_ACC_GYRO_R_DSD_ZL
 .text.LSM6DSM_ACC_GYRO_R_DSD_ZH
                0x000000000800bb2e       0x36 Drivers/BSP/Components/LSM6DSM_ACC_GYRO_driver.o
                0x000000000800bb2e                LSM6DSM_ACC_GYRO_R_DSD_ZH
 .text.LSM6DSM_ACC_GYRO_R_D6D_EV_STATUS
                0x000000000800bb64       0x36 Drivers/BSP/Components/LSM6DSM_ACC_GYRO_driver.o
                0x000000000800bb64                LSM6DSM_ACC_GYRO_R_D6D_EV_STATUS
 .text.LSM6DSM_ACC_GYRO_R_XLDA
                0x000000000800bb9a       0x36 Drivers/BSP/Components/LSM6DSM_ACC_GYRO_driver.o
                0x000000000800bb9a                LSM6DSM_ACC_GYRO_R_XLDA
 .text.LSM6DSM_ACC_GYRO_R_GDA
                0x000000000800bbd0       0x36 Drivers/BSP/Components/LSM6DSM_ACC_GYRO_driver.o
                0x000000000800bbd0                LSM6DSM_ACC_GYRO_R_GDA
 .text.LSM6DSM_ACC_GYRO_R_PEDO_EV_STATUS
                0x000000000800bc06       0x36 Drivers/BSP/Components/LSM6DSM_ACC_GYRO_driver.o
                0x000000000800bc06                LSM6DSM_ACC_GYRO_R_PEDO_EV_STATUS
 .text.LSM6DSM_ACC_GYRO_R_TILT_EV_STATUS
                0x000000000800bc3c       0x36 Drivers/BSP/Components/LSM6DSM_ACC_GYRO_driver.o
                0x000000000800bc3c                LSM6DSM_ACC_GYRO_R_TILT_EV_STATUS
 .text.LSM6DSM_ACC_GYRO_W_TAP_Z_EN
                0x000000000800bc72       0x58 Drivers/BSP/Components/LSM6DSM_ACC_GYRO_driver.o
                0x000000000800bc72                LSM6DSM_ACC_GYRO_W_TAP_Z_EN
 .text.LSM6DSM_ACC_GYRO_W_TAP_Y_EN
                0x000000000800bcca       0x58 Drivers/BSP/Components/LSM6DSM_ACC_GYRO_driver.o
                0x000000000800bcca                LSM6DSM_ACC_GYRO_W_TAP_Y_EN
 .text.LSM6DSM_ACC_GYRO_W_TAP_X_EN
                0x000000000800bd22       0x58 Drivers/BSP/Components/LSM6DSM_ACC_GYRO_driver.o
                0x000000000800bd22                LSM6DSM_ACC_GYRO_W_TAP_X_EN
 .text.LSM6DSM_ACC_GYRO_W_BASIC_INT
                0x000000000800bd7a       0x58 Drivers/BSP/Components/LSM6DSM_ACC_GYRO_driver.o
                0x000000000800bd7a                LSM6DSM_ACC_GYRO_W_BASIC_INT
 .text.LSM6DSM_ACC_GYRO_W_TAP_THS
                0x000000000800bdd2       0x60 Drivers/BSP/Components/LSM6DSM_ACC_GYRO_driver.o
                0x000000000800bdd2                LSM6DSM_ACC_GYRO_W_TAP_THS
 .text.LSM6DSM_ACC_GYRO_W_SIXD_THS
                0x000000000800be32       0x58 Drivers/BSP/Components/LSM6DSM_ACC_GYRO_driver.o
                0x000000000800be32                LSM6DSM_ACC_GYRO_W_SIXD_THS
 .text.LSM6DSM_ACC_GYRO_W_SHOCK_Duration
                0x000000000800be8a       0x60 Drivers/BSP/Components/LSM6DSM_ACC_GYRO_driver.o
                0x000000000800be8a                LSM6DSM_ACC_GYRO_W_SHOCK_Duration
 .text.LSM6DSM_ACC_GYRO_W_QUIET_Duration
                0x000000000800beea       0x66 Drivers/BSP/Components/LSM6DSM_ACC_GYRO_driver.o
                0x000000000800beea                LSM6DSM_ACC_GYRO_W_QUIET_Duration
 .text.LSM6DSM_ACC_GYRO_W_DUR
                0x000000000800bf50       0x66 Drivers/BSP/Components/LSM6DSM_ACC_GYRO_driver.o
                0x000000000800bf50                LSM6DSM_ACC_GYRO_W_DUR
 .text.LSM6DSM_ACC_GYRO_W_WK_THS
                0x000000000800bfb6       0x60 Drivers/BSP/Components/LSM6DSM_ACC_GYRO_driver.o
                0x000000000800bfb6                LSM6DSM_ACC_GYRO_W_WK_THS
 .text.LSM6DSM_ACC_GYRO_W_SINGLE_DOUBLE_TAP_EV
                0x000000000800c016       0x58 Drivers/BSP/Components/LSM6DSM_ACC_GYRO_driver.o
                0x000000000800c016                LSM6DSM_ACC_GYRO_W_SINGLE_DOUBLE_TAP_EV
 .text.LSM6DSM_ACC_GYRO_W_SLEEP_DUR
                0x000000000800c06e       0x60 Drivers/BSP/Components/LSM6DSM_ACC_GYRO_driver.o
                0x000000000800c06e                LSM6DSM_ACC_GYRO_W_SLEEP_DUR
 .text.LSM6DSM_ACC_GYRO_W_TIMER_HR
                0x000000000800c0ce       0x58 Drivers/BSP/Components/LSM6DSM_ACC_GYRO_driver.o
                0x000000000800c0ce                LSM6DSM_ACC_GYRO_W_TIMER_HR
 .text.LSM6DSM_ACC_GYRO_W_WAKE_DUR
                0x000000000800c126       0x66 Drivers/BSP/Components/LSM6DSM_ACC_GYRO_driver.o
                0x000000000800c126                LSM6DSM_ACC_GYRO_W_WAKE_DUR
 .text.LSM6DSM_ACC_GYRO_W_FF_THS
                0x000000000800c18c       0x58 Drivers/BSP/Components/LSM6DSM_ACC_GYRO_driver.o
                0x000000000800c18c                LSM6DSM_ACC_GYRO_W_FF_THS
 .text.LSM6DSM_ACC_GYRO_W_FF_Duration
                0x000000000800c1e4       0xca Drivers/BSP/Components/LSM6DSM_ACC_GYRO_driver.o
                0x000000000800c1e4                LSM6DSM_ACC_GYRO_W_FF_Duration
 .text.LSM6DSM_ACC_GYRO_W_TiltEvOnInt2
                0x000000000800c2ae       0x58 Drivers/BSP/Components/LSM6DSM_ACC_GYRO_driver.o
                0x000000000800c2ae                LSM6DSM_ACC_GYRO_W_TiltEvOnInt2
 .text.LSM6DSM_ACC_GYRO_W_6DEvOnInt2
                0x000000000800c306       0x58 Drivers/BSP/Components/LSM6DSM_ACC_GYRO_driver.o
                0x000000000800c306                LSM6DSM_ACC_GYRO_W_6DEvOnInt2
 .text.LSM6DSM_ACC_GYRO_W_TapEvOnInt2
                0x000000000800c35e       0x58 Drivers/BSP/Components/LSM6DSM_ACC_GYRO_driver.o
                0x000000000800c35e                LSM6DSM_ACC_GYRO_W_TapEvOnInt2
 .text.LSM6DSM_ACC_GYRO_W_FFEvOnInt2
                0x000000000800c3b6       0x58 Drivers/BSP/Components/LSM6DSM_ACC_GYRO_driver.o
                0x000000000800c3b6                LSM6DSM_ACC_GYRO_W_FFEvOnInt2
 .text.LSM6DSM_ACC_GYRO_W_WUEvOnInt2
                0x000000000800c40e       0x58 Drivers/BSP/Components/LSM6DSM_ACC_GYRO_driver.o
                0x000000000800c40e                LSM6DSM_ACC_GYRO_W_WUEvOnInt2
 .text.LSM6DSM_ACC_GYRO_W_SingleTapOnInt2
                0x000000000800c466       0x58 Drivers/BSP/Components/LSM6DSM_ACC_GYRO_driver.o
                0x000000000800c466                LSM6DSM_ACC_GYRO_W_SingleTapOnInt2
 .text.LSM6DSM_ACC_GYRO_GetRawGyroData
                0x000000000800c4be       0x66 Drivers/BSP/Components/LSM6DSM_ACC_GYRO_driver.o
                0x000000000800c4be                LSM6DSM_ACC_GYRO_GetRawGyroData
 .text.LSM6DSM_ACC_GYRO_GetRawAccData
                0x000000000800c524       0x66 Drivers/BSP/Components/LSM6DSM_ACC_GYRO_driver.o
                0x000000000800c524                LSM6DSM_ACC_GYRO_GetRawAccData
 .text.LSM6DSM_ACC_GYRO_Get_GetStepCounter
                0x000000000800c58a       0x66 Drivers/BSP/Components/LSM6DSM_ACC_GYRO_driver.o
                0x000000000800c58a                LSM6DSM_ACC_GYRO_Get_GetStepCounter
 .text.LSM6DSM_ACC_GYRO_W_PedoThreshold
                0x000000000800c5f0       0x88 Drivers/BSP/Components/LSM6DSM_ACC_GYRO_driver.o
                0x000000000800c5f0                LSM6DSM_ACC_GYRO_W_PedoThreshold
 .text.LSM6DSM_X_Init
                0x000000000800c678       0xa4 Drivers/BSP/Components/LSM6DSM_ACC_GYRO_driver_HL.o
 .text.LSM6DSM_X_DeInit
                0x000000000800c71c       0xc8 Drivers/BSP/Components/LSM6DSM_ACC_GYRO_driver_HL.o
 .text.LSM6DSM_X_Sensor_Enable
                0x000000000800c7e4       0x46 Drivers/BSP/Components/LSM6DSM_ACC_GYRO_driver_HL.o
 .text.LSM6DSM_X_Sensor_Disable
                0x000000000800c82a       0x58 Drivers/BSP/Components/LSM6DSM_ACC_GYRO_driver_HL.o
 .text.LSM6DSM_X_Get_WhoAmI
                0x000000000800c882       0x1c Drivers/BSP/Components/LSM6DSM_ACC_GYRO_driver_HL.o
 .text.LSM6DSM_X_Check_WhoAmI
                0x000000000800c89e       0x18 Drivers/BSP/Components/LSM6DSM_ACC_GYRO_driver_HL.o
 .text.LSM6DSM_X_Get_Axes
                0x000000000800c8b6       0xa6 Drivers/BSP/Components/LSM6DSM_ACC_GYRO_driver_HL.o
 .text.LSM6DSM_X_Get_AxesRaw
                0x000000000800c95c       0x42 Drivers/BSP/Components/LSM6DSM_ACC_GYRO_driver_HL.o
 *fill*         0x000000000800c99e        0x2 
 .text.LSM6DSM_X_Get_Sensitivity
                0x000000000800c9a0       0xa8 Drivers/BSP/Components/LSM6DSM_ACC_GYRO_driver_HL.o
 .text.LSM6DSM_X_Get_ODR
                0x000000000800ca48       0xfc Drivers/BSP/Components/LSM6DSM_ACC_GYRO_driver_HL.o
 .text.LSM6DSM_X_Set_ODR
                0x000000000800cb44       0x46 Drivers/BSP/Components/LSM6DSM_ACC_GYRO_driver_HL.o
 .text.LSM6DSM_X_Set_ODR_Value
                0x000000000800cb8a       0x40 Drivers/BSP/Components/LSM6DSM_ACC_GYRO_driver_HL.o
 *fill*         0x000000000800cbca        0x2 
 .text.LSM6DSM_X_Get_FS
                0x000000000800cbcc       0xa0 Drivers/BSP/Components/LSM6DSM_ACC_GYRO_driver_HL.o
 .text.LSM6DSM_X_Set_FS
                0x000000000800cc6c       0x4e Drivers/BSP/Components/LSM6DSM_ACC_GYRO_driver_HL.o
 .text.LSM6DSM_X_Set_FS_Value
                0x000000000800ccba       0x6e Drivers/BSP/Components/LSM6DSM_ACC_GYRO_driver_HL.o
 .text.LSM6DSM_G_Init
                0x000000000800cd28       0xa4 Drivers/BSP/Components/LSM6DSM_ACC_GYRO_driver_HL.o
 .text.LSM6DSM_G_DeInit
                0x000000000800cdcc       0x58 Drivers/BSP/Components/LSM6DSM_ACC_GYRO_driver_HL.o
 .text.LSM6DSM_G_Sensor_Enable
                0x000000000800ce24       0x46 Drivers/BSP/Components/LSM6DSM_ACC_GYRO_driver_HL.o
 .text.LSM6DSM_G_Sensor_Disable
                0x000000000800ce6a       0x58 Drivers/BSP/Components/LSM6DSM_ACC_GYRO_driver_HL.o
 .text.LSM6DSM_G_Get_WhoAmI
                0x000000000800cec2       0x1c Drivers/BSP/Components/LSM6DSM_ACC_GYRO_driver_HL.o
 .text.LSM6DSM_G_Check_WhoAmI
                0x000000000800cede       0x18 Drivers/BSP/Components/LSM6DSM_ACC_GYRO_driver_HL.o
 .text.LSM6DSM_G_Get_Axes
                0x000000000800cef6       0xa6 Drivers/BSP/Components/LSM6DSM_ACC_GYRO_driver_HL.o
 .text.LSM6DSM_G_Get_AxesRaw
                0x000000000800cf9c       0x42 Drivers/BSP/Components/LSM6DSM_ACC_GYRO_driver_HL.o
 *fill*         0x000000000800cfde        0x2 
 .text.LSM6DSM_G_Get_Sensitivity
                0x000000000800cfe0       0xd0 Drivers/BSP/Components/LSM6DSM_ACC_GYRO_driver_HL.o
 .text.LSM6DSM_G_Get_ODR
                0x000000000800d0b0       0xfc Drivers/BSP/Components/LSM6DSM_ACC_GYRO_driver_HL.o
 .text.LSM6DSM_G_Set_ODR
                0x000000000800d1ac       0x46 Drivers/BSP/Components/LSM6DSM_ACC_GYRO_driver_HL.o
 .text.LSM6DSM_G_Set_ODR_Value
                0x000000000800d1f2       0x40 Drivers/BSP/Components/LSM6DSM_ACC_GYRO_driver_HL.o
 *fill*         0x000000000800d232        0x2 
 .text.LSM6DSM_G_Get_FS
                0x000000000800d234       0xd0 Drivers/BSP/Components/LSM6DSM_ACC_GYRO_driver_HL.o
 .text.LSM6DSM_G_Set_FS
                0x000000000800d304       0x4e Drivers/BSP/Components/LSM6DSM_ACC_GYRO_driver_HL.o
 *fill*         0x000000000800d352        0x2 
 .text.LSM6DSM_G_Set_FS_Value
                0x000000000800d354       0xb4 Drivers/BSP/Components/LSM6DSM_ACC_GYRO_driver_HL.o
 .text.LSM6DSM_Get_WhoAmI
                0x000000000800d408       0x26 Drivers/BSP/Components/LSM6DSM_ACC_GYRO_driver_HL.o
 .text.LSM6DSM_Check_WhoAmI
                0x000000000800d42e       0x3a Drivers/BSP/Components/LSM6DSM_ACC_GYRO_driver_HL.o
 .text.LSM6DSM_X_Get_Axes_Raw
                0x000000000800d468       0x7a Drivers/BSP/Components/LSM6DSM_ACC_GYRO_driver_HL.o
 *fill*         0x000000000800d4e2        0x2 
 .text.LSM6DSM_X_Set_ODR_When_Enabled
                0x000000000800d4e4       0x6c Drivers/BSP/Components/LSM6DSM_ACC_GYRO_driver_HL.o
 .text.LSM6DSM_X_Set_ODR_When_Disabled
                0x000000000800d550       0x84 Drivers/BSP/Components/LSM6DSM_ACC_GYRO_driver_HL.o
 .text.LSM6DSM_X_Set_ODR_Value_When_Enabled
                0x000000000800d5d4      0x110 Drivers/BSP/Components/LSM6DSM_ACC_GYRO_driver_HL.o
 .text.LSM6DSM_X_Set_ODR_Value_When_Disabled
                0x000000000800d6e4      0x134 Drivers/BSP/Components/LSM6DSM_ACC_GYRO_driver_HL.o
 .text.LSM6DSM_G_Get_Axes_Raw
                0x000000000800d818       0x7a Drivers/BSP/Components/LSM6DSM_ACC_GYRO_driver_HL.o
 *fill*         0x000000000800d892        0x2 
 .text.LSM6DSM_G_Set_ODR_When_Enabled
                0x000000000800d894       0x6c Drivers/BSP/Components/LSM6DSM_ACC_GYRO_driver_HL.o
 .text.LSM6DSM_G_Set_ODR_When_Disabled
                0x000000000800d900       0x84 Drivers/BSP/Components/LSM6DSM_ACC_GYRO_driver_HL.o
 .text.LSM6DSM_G_Set_ODR_Value_When_Enabled
                0x000000000800d984      0x110 Drivers/BSP/Components/LSM6DSM_ACC_GYRO_driver_HL.o
 .text.LSM6DSM_G_Set_ODR_Value_When_Disabled
                0x000000000800da94      0x134 Drivers/BSP/Components/LSM6DSM_ACC_GYRO_driver_HL.o
 .text.LSM6DSM_X_Enable_Free_Fall_Detection
                0x000000000800dbc8       0xb8 Drivers/BSP/Components/LSM6DSM_ACC_GYRO_driver_HL.o
 .text.LSM6DSM_X_Disable_Free_Fall_Detection
                0x000000000800dc80       0x5a Drivers/BSP/Components/LSM6DSM_ACC_GYRO_driver_HL.o
 .text.LSM6DSM_X_Get_Free_Fall_Detection_Status
                0x000000000800dcda       0x48 Drivers/BSP/Components/LSM6DSM_ACC_GYRO_driver_HL.o
 .text.LSM6DSM_X_Set_Free_Fall_Threshold
                0x000000000800dd22       0x2a Drivers/BSP/Components/LSM6DSM_ACC_GYRO_driver_HL.o
 .text.LSM6DSM_X_Enable_Pedometer
                0x000000000800dd4c       0x84 Drivers/BSP/Components/LSM6DSM_ACC_GYRO_driver_HL.o
 .text.LSM6DSM_X_Disable_Pedometer
                0x000000000800ddd0       0x5a Drivers/BSP/Components/LSM6DSM_ACC_GYRO_driver_HL.o
 .text.LSM6DSM_X_Get_Pedometer_Status
                0x000000000800de2a       0x48 Drivers/BSP/Components/LSM6DSM_ACC_GYRO_driver_HL.o
 .text.LSM6DSM_X_Get_Step_Count
                0x000000000800de72       0x26 Drivers/BSP/Components/LSM6DSM_ACC_GYRO_driver_HL.o
 .text.LSM6DSM_X_Enable_Step_Counter_Reset
                0x000000000800de98       0x24 Drivers/BSP/Components/LSM6DSM_ACC_GYRO_driver_HL.o
 .text.LSM6DSM_X_Disable_Step_Counter_Reset
                0x000000000800debc       0x24 Drivers/BSP/Components/LSM6DSM_ACC_GYRO_driver_HL.o
 .text.LSM6DSM_X_Set_Pedometer_Threshold
                0x000000000800dee0       0x2a Drivers/BSP/Components/LSM6DSM_ACC_GYRO_driver_HL.o
 *fill*         0x000000000800df0a        0x2 
 .text.LSM6DSM_X_Enable_Tilt_Detection
                0x000000000800df0c       0x70 Drivers/BSP/Components/LSM6DSM_ACC_GYRO_driver_HL.o
 .text.LSM6DSM_X_Disable_Tilt_Detection
                0x000000000800df7c       0x48 Drivers/BSP/Components/LSM6DSM_ACC_GYRO_driver_HL.o
 .text.LSM6DSM_X_Get_Tilt_Detection_Status
                0x000000000800dfc4       0x48 Drivers/BSP/Components/LSM6DSM_ACC_GYRO_driver_HL.o
 .text.LSM6DSM_X_Enable_Wake_Up_Detection
                0x000000000800e00c       0x84 Drivers/BSP/Components/LSM6DSM_ACC_GYRO_driver_HL.o
 .text.LSM6DSM_X_Disable_Wake_Up_Detection
                0x000000000800e090       0x5a Drivers/BSP/Components/LSM6DSM_ACC_GYRO_driver_HL.o
 .text.LSM6DSM_X_Get_Wake_Up_Detection_Status
                0x000000000800e0ea       0x48 Drivers/BSP/Components/LSM6DSM_ACC_GYRO_driver_HL.o
 .text.LSM6DSM_X_Set_Wake_Up_Threshold
                0x000000000800e132       0x2a Drivers/BSP/Components/LSM6DSM_ACC_GYRO_driver_HL.o
 .text.LSM6DSM_X_Enable_Single_Tap_Detection
                0x000000000800e15c       0xcc Drivers/BSP/Components/LSM6DSM_ACC_GYRO_driver_HL.o
 .text.LSM6DSM_X_Disable_Single_Tap_Detection
                0x000000000800e228       0xa2 Drivers/BSP/Components/LSM6DSM_ACC_GYRO_driver_HL.o
 .text.LSM6DSM_X_Get_Single_Tap_Detection_Status
                0x000000000800e2ca       0x48 Drivers/BSP/Components/LSM6DSM_ACC_GYRO_driver_HL.o
 *fill*         0x000000000800e312        0x2 
 .text.LSM6DSM_X_Enable_Double_Tap_Detection
                0x000000000800e314       0xf0 Drivers/BSP/Components/LSM6DSM_ACC_GYRO_driver_HL.o
 .text.LSM6DSM_X_Disable_Double_Tap_Detection
                0x000000000800e404       0xc6 Drivers/BSP/Components/LSM6DSM_ACC_GYRO_driver_HL.o
 .text.LSM6DSM_X_Get_Double_Tap_Detection_Status
                0x000000000800e4ca       0x48 Drivers/BSP/Components/LSM6DSM_ACC_GYRO_driver_HL.o
 .text.LSM6DSM_X_Set_Tap_Threshold
                0x000000000800e512       0x2a Drivers/BSP/Components/LSM6DSM_ACC_GYRO_driver_HL.o
 .text.LSM6DSM_X_Set_Tap_Shock_Time
                0x000000000800e53c       0x2a Drivers/BSP/Components/LSM6DSM_ACC_GYRO_driver_HL.o
 .text.LSM6DSM_X_Set_Tap_Quiet_Time
                0x000000000800e566       0x2a Drivers/BSP/Components/LSM6DSM_ACC_GYRO_driver_HL.o
 .text.LSM6DSM_X_Set_Tap_Duration_Time
                0x000000000800e590       0x2a Drivers/BSP/Components/LSM6DSM_ACC_GYRO_driver_HL.o
 *fill*         0x000000000800e5ba        0x2 
 .text.LSM6DSM_X_Enable_6D_Orientation
                0x000000000800e5bc       0x70 Drivers/BSP/Components/LSM6DSM_ACC_GYRO_driver_HL.o
 .text.LSM6DSM_X_Disable_6D_Orientation
                0x000000000800e62c       0x48 Drivers/BSP/Components/LSM6DSM_ACC_GYRO_driver_HL.o
 .text.LSM6DSM_X_Get_6D_Orientation_Status
                0x000000000800e674       0x48 Drivers/BSP/Components/LSM6DSM_ACC_GYRO_driver_HL.o
 .text.LSM6DSM_X_Get_6D_Orientation_XL
                0x000000000800e6bc       0x48 Drivers/BSP/Components/LSM6DSM_ACC_GYRO_driver_HL.o
 .text.LSM6DSM_X_Get_6D_Orientation_XH
                0x000000000800e704       0x48 Drivers/BSP/Components/LSM6DSM_ACC_GYRO_driver_HL.o
 .text.LSM6DSM_X_Get_6D_Orientation_YL
                0x000000000800e74c       0x48 Drivers/BSP/Components/LSM6DSM_ACC_GYRO_driver_HL.o
 .text.LSM6DSM_X_Get_6D_Orientation_YH
                0x000000000800e794       0x48 Drivers/BSP/Components/LSM6DSM_ACC_GYRO_driver_HL.o
 .text.LSM6DSM_X_Get_6D_Orientation_ZL
                0x000000000800e7dc       0x48 Drivers/BSP/Components/LSM6DSM_ACC_GYRO_driver_HL.o
 .text.LSM6DSM_X_Get_6D_Orientation_ZH
                0x000000000800e824       0x48 Drivers/BSP/Components/LSM6DSM_ACC_GYRO_driver_HL.o
 .text.LSM6DSM_X_Read_Reg
                0x000000000800e86c       0x2e Drivers/BSP/Components/LSM6DSM_ACC_GYRO_driver_HL.o
 .text.LSM6DSM_X_Write_Reg
                0x000000000800e89a       0x30 Drivers/BSP/Components/LSM6DSM_ACC_GYRO_driver_HL.o
 .text.LSM6DSM_X_Get_DRDY_Status
                0x000000000800e8ca       0x48 Drivers/BSP/Components/LSM6DSM_ACC_GYRO_driver_HL.o
 .text.LSM6DSM_G_Read_Reg
                0x000000000800e912       0x2e Drivers/BSP/Components/LSM6DSM_ACC_GYRO_driver_HL.o
 .text.LSM6DSM_G_Write_Reg
                0x000000000800e940       0x30 Drivers/BSP/Components/LSM6DSM_ACC_GYRO_driver_HL.o
 .text.LSM6DSM_G_Get_DRDY_Status
                0x000000000800e970       0x48 Drivers/BSP/Components/LSM6DSM_ACC_GYRO_driver_HL.o
 .text.LSM303AGR_ACC_Init
                0x000000000800e9b8       0x82 Drivers/BSP/Components/lsm303agr.o
                0x000000000800e9b8                LSM303AGR_ACC_Init
 .text.LSM303AGR_ACC_DeInit
                0x000000000800ea3a       0x34 Drivers/BSP/Components/lsm303agr.o
                0x000000000800ea3a                LSM303AGR_ACC_DeInit
 .text.LSM303AGR_ACC_ReadID