fifo_config_sensortile.c:65:6:MX_MEMS_Init	8	static
fifo_config_sensortile.c:86:6:MX_MEMS_Process	8	static
fifo_config_sensortile.c:103:6:MX_LSM6DSM_FIFOContinuousMode_Init	8	static
fifo_config_sensortile.c:121:6:MX_LSM6DSM_FIFOContinuousMode_Process	8	static
fifo_config_sensortile.c:235:16:LSM6DSM_FIFO_Demo_Config	16	static
fifo_config_sensortile.c:292:16:LSM6DSM_FIFO_Set_Bypass_Mode	16	static
fifo_config_sensortile.c:316:16:LSM6DSM_FIFO_Set_Continuous_Mode	16	static
fifo_config_sensortile.c:341:16:LSM6DSM_Read_All_FIFO_Data	24	static
fifo_config_sensortile.c:391:16:LSM6DSM_Read_Single_FIFO_Pattern_Cycle	48	static
fifo_config_sensortile.c:457:13:Error_Handler	4	static
