main.c:266:5:main	152	static
main.c:739:13:initializeAllSensors	8	static
main.c:796:6:enableAllSensors	8	static
main.c:821:6:disableAllSensors	8	static
main.c:840:6:disableUnnecessarySensors	8	static
main.c:849:6:configSensors	8	static
main.c:872:6:getSensorSensivity	8	static
main.c:902:13:RTC_Config	8	static
main.c:935:13:RTC_TimeStampConfig	32	static
main.c:980:6:RTC_TimeRegulate	40	static
main.c:1000:13:MX_CRC_Init	16	static
main.c:1010:6:HAL_GPIO_EXTI_Callback	16	static
main.c:1019:13:Init_BlueNRG_Stack	48	static
main.c:1132:13:Init_BlueNRG_Custom_Services	16	static
main.c:1194:13:Error_Handler	4	static
