MotionFX_Manager.c:82:6:MotionFX_manager_init	48	static
MotionFX_Manager.c:135:6:MotionFX_set_new_values	8	static
MotionFX_Manager.c:167:6:MotionFX_print_config	40	static
MotionFX_Manager.c:225:6:MotionFx_print_qrh	120	static
MotionFX_Manager.c:301:6:MotionFX_manager_run	32	static
MotionFX_Manager.c:341:6:MotionFX_manager_start_6X	8	static
MotionFX_Manager.c:350:6:MotionFX_manager_stop_6X	8	static
MotionFX_Manager.c:359:6:MotionFX_manager_start_9X	8	static
MotionFX_Manager.c:368:6:MotionFX_manager_stop_9X	8	static
MotionFX_Manager.c:378:15:MotionFX_manager_getDataOUT	4	static
MotionFX_Manager.c:388:14:MotionFX_manager_getDataIN	4	static
MotionFX_Manager.c:398:6:MotionFX_manager_MagCal_run	16	static
MotionFX_Manager.c:410:6:MotionFX_manager_MagCal_start	16	static
MotionFX_Manager.c:421:6:MotionFX_manager_MagCal_stop	16	static
MotionFX_Manager.c:433:6:MotionFX_LoadMagCalFromNVM	24	static
MotionFX_Manager.c:446:6:MotionFX_SaveMagCalInNVM	24	static
