usbd_cdc_interface.c:113:15:CDC_Itf_Init	16	static
usbd_cdc_interface.c:155:8:Timer_Sample_Itf_Init	16	static
usbd_cdc_interface.c:182:15:CDC_Itf_DeInit	4	static
usbd_cdc_interface.c:196:15:CDC_Itf_Control	16	static
usbd_cdc_interface.c:262:9:CDC_Fill_Buffer	24	static
usbd_cdc_interface.c:279:6:HAL_TIM_PeriodElapsedCallback	24	static
usbd_cdc_interface.c:329:15:CDC_Itf_Receive	16	static
usbd_cdc_interface.c:363:13:TIM_Config	8	static
usbd_cdc_interface.c:411:13:TIM_Sample_Config	16	static
usbd_cdc_interface.c:441:13:Error_Handler	4	static
