SensorTile.c:153:10:BSP_GetVersion	4	static
SensorTile.c:166:6:BSP_LED_Init	48	static
SensorTile.c:198:6:BSP_LED_DeInit	16	static
SensorTile.c:213:6:BSP_LED_On	16	static
SensorTile.c:235:6:BSP_LED_Off	16	static
SensorTile.c:257:6:BSP_LED_Toggle	16	static
SensorTile.c:268:18:Sensor_IO_I2C_Init	8	static
SensorTile.c:287:18:Sensor_IO_SPI_Init	40	static
SensorTile.c:330:9:Sensor_IO_SPI_CS_Init_All	48	static
SensorTile.c:367:9:Sensor_IO_SPI_CS_Init	56	static
SensorTile.c:421:9:Sensor_IO_Write	32	static
SensorTile.c:463:9:Sensor_IO_I2C_Write	32	static
SensorTile.c:481:9:Sensor_IO_Read	32	static
SensorTile.c:522:9:Sensor_IO_I2C_Read	32	static
SensorTile.c:541:9:Sensor_IO_SPI_Write	32	static
SensorTile.c:569:9:Sensor_IO_SPI_Read	24	static
SensorTile.c:602:9:Sensor_IO_SPI_CS_Enable	24	static
SensorTile.c:624:9:Sensor_IO_SPI_CS_Disable	24	static
SensorTile.c:652:18:LSM6DSM_Sensor_IO_ITConfig	32	static
SensorTile.c:686:6:SPI_Read	16	static,ignoring_inline_asm
SensorTile.c:715:6:SPI_Read_nBytes	24	static,ignoring_inline_asm
SensorTile.c:756:6:SPI_Write	16	static
SensorTile.c:778:16:I2C_SENSORTILE_Init	8	static
SensorTile.c:814:16:I2C_SENSORTILE_WriteData	40	static
SensorTile.c:845:16:I2C_SENSORTILE_ReadData	40	static
SensorTile.c:870:13:I2C_SENSORTILE_Error	16	static
SensorTile.c:885:13:I2C_SENSORTILE_MspInit	176	static
SensorTile.c:933:13:SD_IO_SPI_MspInit	56	static
SensorTile.c:972:13:SD_IO_SPI_Init_LS	8	static
SensorTile.c:998:13:SD_IO_SPI_Init	8	static
SensorTile.c:1025:17:SD_IO_SPI_Read	32	static
SensorTile.c:1048:13:SD_IO_SPI_Write	24	static
SensorTile.c:1067:13:SD_IO_SPI_Error	8	static
SensorTile.c:1084:6:SD_IO_Init	16	static
SensorTile.c:1111:6:SD_IO_Init_LS	16	static
SensorTile.c:1132:6:SD_IO_CS_Init	32	static
SensorTile.c:1150:6:SD_IO_CS_DeInit	32	static
SensorTile.c:1167:6:SD_IO_WriteByte	16	static
SensorTile.c:1178:9:SD_IO_ReadByte	16	static
SensorTile.c:1198:9:SD_IO_WriteCmd_wResp	32	static
SensorTile.c:1237:19:SD_IO_WriteCmd	32	static
SensorTile.c:1272:19:SD_IO_WaitResponse	24	static
SensorTile.c:1299:6:SD_IO_WriteDummy	8	static
